Archive member included to satisfy reference by file (symbol)

/usr/lib/gcc/arm-none-eabi/14.2.0/thumb/v6-m/nofp/libgcc.a(_thumb1_case_uqi.o)
                              objdir-CWNANO/stm32f0_hal_lowlevel.o (__gnu_thumb1_case_uqi)
/usr/lib/gcc/arm-none-eabi/14.2.0/thumb/v6-m/nofp/libgcc.a(_udivsi3.o)
                              objdir-CWNANO/stm32f0_hal_lowlevel.o (__aeabi_uidiv)
/usr/lib/gcc/arm-none-eabi/14.2.0/thumb/v6-m/nofp/libgcc.a(_dvmd_tls.o)
                              /usr/lib/gcc/arm-none-eabi/14.2.0/thumb/v6-m/nofp/libgcc.a(_udivsi3.o) (__aeabi_idiv0)
/usr/lib/gcc/arm-none-eabi/14.2.0/../../../../arm-none-eabi/lib/thumb/v6-m/nofp/libg_nano.a(libc_a-atexit.o)
                              /usr/lib/gcc/arm-none-eabi/14.2.0/../../../../arm-none-eabi/lib/thumb/v6-m/nofp/crt0.o (atexit)
/usr/lib/gcc/arm-none-eabi/14.2.0/../../../../arm-none-eabi/lib/thumb/v6-m/nofp/libg_nano.a(libc_a-exit.o)
                              /usr/lib/gcc/arm-none-eabi/14.2.0/../../../../arm-none-eabi/lib/thumb/v6-m/nofp/crt0.o (exit)
/usr/lib/gcc/arm-none-eabi/14.2.0/../../../../arm-none-eabi/lib/thumb/v6-m/nofp/libg_nano.a(libc_a-findfp.o)
                              /usr/lib/gcc/arm-none-eabi/14.2.0/../../../../arm-none-eabi/lib/thumb/v6-m/nofp/libg_nano.a(libc_a-exit.o) (__stdio_exit_handler)
/usr/lib/gcc/arm-none-eabi/14.2.0/../../../../arm-none-eabi/lib/thumb/v6-m/nofp/libg_nano.a(libc_a-fwalk.o)
                              /usr/lib/gcc/arm-none-eabi/14.2.0/../../../../arm-none-eabi/lib/thumb/v6-m/nofp/libg_nano.a(libc_a-findfp.o) (_fwalk_sglue)
/usr/lib/gcc/arm-none-eabi/14.2.0/../../../../arm-none-eabi/lib/thumb/v6-m/nofp/libg_nano.a(libc_a-stdio.o)
                              /usr/lib/gcc/arm-none-eabi/14.2.0/../../../../arm-none-eabi/lib/thumb/v6-m/nofp/libg_nano.a(libc_a-findfp.o) (__sread)
/usr/lib/gcc/arm-none-eabi/14.2.0/../../../../arm-none-eabi/lib/thumb/v6-m/nofp/libg_nano.a(libc_a-memset.o)
                              /usr/lib/gcc/arm-none-eabi/14.2.0/../../../../arm-none-eabi/lib/thumb/v6-m/nofp/crt0.o (memset)
/usr/lib/gcc/arm-none-eabi/14.2.0/../../../../arm-none-eabi/lib/thumb/v6-m/nofp/libg_nano.a(libc_a-closer.o)
                              /usr/lib/gcc/arm-none-eabi/14.2.0/../../../../arm-none-eabi/lib/thumb/v6-m/nofp/libg_nano.a(libc_a-stdio.o) (_close_r)
/usr/lib/gcc/arm-none-eabi/14.2.0/../../../../arm-none-eabi/lib/thumb/v6-m/nofp/libg_nano.a(libc_a-reent.o)
                              /usr/lib/gcc/arm-none-eabi/14.2.0/../../../../arm-none-eabi/lib/thumb/v6-m/nofp/libg_nano.a(libc_a-closer.o) (errno)
/usr/lib/gcc/arm-none-eabi/14.2.0/../../../../arm-none-eabi/lib/thumb/v6-m/nofp/libg_nano.a(libc_a-impure.o)
                              /usr/lib/gcc/arm-none-eabi/14.2.0/../../../../arm-none-eabi/lib/thumb/v6-m/nofp/libg_nano.a(libc_a-reent.o) (_impure_ptr)
/usr/lib/gcc/arm-none-eabi/14.2.0/../../../../arm-none-eabi/lib/thumb/v6-m/nofp/libg_nano.a(libc_a-lseekr.o)
                              /usr/lib/gcc/arm-none-eabi/14.2.0/../../../../arm-none-eabi/lib/thumb/v6-m/nofp/libg_nano.a(libc_a-stdio.o) (_lseek_r)
/usr/lib/gcc/arm-none-eabi/14.2.0/../../../../arm-none-eabi/lib/thumb/v6-m/nofp/libg_nano.a(libc_a-readr.o)
                              /usr/lib/gcc/arm-none-eabi/14.2.0/../../../../arm-none-eabi/lib/thumb/v6-m/nofp/libg_nano.a(libc_a-stdio.o) (_read_r)
/usr/lib/gcc/arm-none-eabi/14.2.0/../../../../arm-none-eabi/lib/thumb/v6-m/nofp/libg_nano.a(libc_a-writer.o)
                              /usr/lib/gcc/arm-none-eabi/14.2.0/../../../../arm-none-eabi/lib/thumb/v6-m/nofp/libg_nano.a(libc_a-stdio.o) (_write_r)
/usr/lib/gcc/arm-none-eabi/14.2.0/../../../../arm-none-eabi/lib/thumb/v6-m/nofp/libg_nano.a(libc_a-init.o)
                              /usr/lib/gcc/arm-none-eabi/14.2.0/../../../../arm-none-eabi/lib/thumb/v6-m/nofp/crt0.o (__libc_init_array)
/usr/lib/gcc/arm-none-eabi/14.2.0/../../../../arm-none-eabi/lib/thumb/v6-m/nofp/libg_nano.a(libc_a-fini.o)
                              /usr/lib/gcc/arm-none-eabi/14.2.0/../../../../arm-none-eabi/lib/thumb/v6-m/nofp/crt0.o (__libc_fini_array)
/usr/lib/gcc/arm-none-eabi/14.2.0/../../../../arm-none-eabi/lib/thumb/v6-m/nofp/libg_nano.a(libc_a-lock.o)
                              /usr/lib/gcc/arm-none-eabi/14.2.0/../../../../arm-none-eabi/lib/thumb/v6-m/nofp/libg_nano.a(libc_a-findfp.o) (__retarget_lock_init_recursive)
/usr/lib/gcc/arm-none-eabi/14.2.0/../../../../arm-none-eabi/lib/thumb/v6-m/nofp/libg_nano.a(libc_a-memcpy-stub.o)
                              objdir-CWNANO/simpleserial-aes.o (memcpy)
/usr/lib/gcc/arm-none-eabi/14.2.0/../../../../arm-none-eabi/lib/thumb/v6-m/nofp/libg_nano.a(libc_a-__atexit.o)
                              /usr/lib/gcc/arm-none-eabi/14.2.0/../../../../arm-none-eabi/lib/thumb/v6-m/nofp/libg_nano.a(libc_a-atexit.o) (__register_exitproc)
/usr/lib/gcc/arm-none-eabi/14.2.0/../../../../arm-none-eabi/lib/thumb/v6-m/nofp/libg_nano.a(libc_a-__call_atexit.o)
[...]
Memory Configuration

Name             Origin             Length             Attributes
RAM              0x20000000         0x00001000         xrw
ROM              0x08000000         0x00008000         xr
*default*        0x00000000         0xffffffff

Linker script and memory map

LOAD /usr/lib/gcc/arm-none-eabi/14.2.0/thumb/v6-m/nofp/crti.o
LOAD /usr/lib/gcc/arm-none-eabi/14.2.0/thumb/v6-m/nofp/crtbegin.o
LOAD /usr/lib/gcc/arm-none-eabi/14.2.0/../../../../arm-none-eabi/lib/thumb/v6-m/nofp/crt0.o
LOAD objdir-CWNANO/simpleserial-aes.o
LOAD objdir-CWNANO/simpleserial.o
LOAD objdir-CWNANO/hal.o
LOAD objdir-CWNANO/stm32f0_hal_nano.o
LOAD objdir-CWNANO/stm32f0_hal_lowlevel.o
LOAD objdir-CWNANO/aes.o
LOAD objdir-CWNANO/aes-independant.o
LOAD objdir-CWNANO/stm32f0_startup.o
LOAD /usr/lib/gcc/arm-none-eabi/14.2.0/../../../../arm-none-eabi/lib/thumb/v6-m/nofp/libm.a
LOAD /usr/lib/gcc/arm-none-eabi/14.2.0/../../../../arm-none-eabi/lib/thumb/v6-m/nofp/libm.a
START GROUP
LOAD /usr/lib/gcc/arm-none-eabi/14.2.0/thumb/v6-m/nofp/libgcc.a
LOAD /usr/lib/gcc/arm-none-eabi/14.2.0/../../../../arm-none-eabi/lib/thumb/v6-m/nofp/libg_nano.a
LOAD /usr/lib/gcc/arm-none-eabi/14.2.0/../../../../arm-none-eabi/lib/thumb/v6-m/nofp/libc_nano.a
END GROUP
START GROUP
LOAD /usr/lib/gcc/arm-none-eabi/14.2.0/thumb/v6-m/nofp/libgcc.a
LOAD /usr/lib/gcc/arm-none-eabi/14.2.0/../../../../arm-none-eabi/lib/thumb/v6-m/nofp/libc_nano.a
LOAD /usr/lib/gcc/arm-none-eabi/14.2.0/../../../../arm-none-eabi/lib/thumb/v6-m/nofp/libnosys.a
END GROUP
START GROUP
LOAD /usr/lib/gcc/arm-none-eabi/14.2.0/thumb/v6-m/nofp/libgcc.a
LOAD /usr/lib/gcc/arm-none-eabi/14.2.0/../../../../arm-none-eabi/lib/thumb/v6-m/nofp/libc_nano.a
LOAD /usr/lib/gcc/arm-none-eabi/14.2.0/../../../../arm-none-eabi/lib/thumb/v6-m/nofp/libnosys.a
END GROUP
LOAD /usr/lib/gcc/arm-none-eabi/14.2.0/thumb/v6-m/nofp/crtend.o
LOAD /usr/lib/gcc/arm-none-eabi/14.2.0/thumb/v6-m/nofp/crtn.o
                0x20001000                        _estack = 0x20001000
                0x00000000                        _Min_Heap_Size = 0x0
                0x00000400                        _Min_Stack_Size = 0x400

.isr_vector     0x08000000      0x188
                0x08000000                        . = ALIGN (0x4)
 *(.isr_vector)
 .isr_vector    0x08000000      0x188 objdir-CWNANO/stm32f0_startup.o
                0x08000000                g_pfnVectors
                0x08000188                        . = ALIGN (0x4)

.text           0x08000188     0x12a4
                0x08000188                        . = ALIGN (0x4)
 *(.text)
 .text          0x08000188       0x14 /usr/lib/gcc/arm-none-eabi/14.2.0/thumb/v6-m/nofp/libgcc.a(_thumb1_case_uqi.o)
                0x08000188                __gnu_thumb1_case_uqi
 .text          0x0800019c       0x8c /usr/lib/gcc/arm-none-eabi/14.2.0/thumb/v6-m/nofp/libgcc.a(_udivsi3.o)
                0x0800019c                __udivsi3
                0x0800019c                __aeabi_uidiv
                0x08000214                __aeabi_uidivmod
 .text          0x08000228        0x4 /usr/lib/gcc/arm-none-eabi/14.2.0/thumb/v6-m/nofp/libgcc.a(_dvmd_tls.o)
                0x08000228                __aeabi_ldiv0
                0x08000228                __aeabi_idiv0
 *(.text*)
 .text.__do_global_dtors_aux
                0x0800022c       0x28 /usr/lib/gcc/arm-none-eabi/14.2.0/thumb/v6-m/nofp/crtbegin.o
 .text.frame_dummy
                0x08000254       0x20 /usr/lib/gcc/arm-none-eabi/14.2.0/thumb/v6-m/nofp/crtbegin.o
 .text.get_pt   0x08000274       0x2a objdir-CWNANO/simpleserial-aes.o
                0x08000274                get_pt
 .text.aes      0x0800029e       0x60 objdir-CWNANO/simpleserial-aes.o
                0x0800029e                aes
 *fill*         0x080002fe        0x2 
 .text.startup.main
                0x08000300       0x40 objdir-CWNANO/simpleserial-aes.o
                0x08000300                main
 .text.ss_crc   0x08000340       0x30 objdir-CWNANO/simpleserial.o
                0x08000340                ss_crc
 .text.stuff_data
                0x08000370       0x24 objdir-CWNANO/simpleserial.o
                0x08000370                stuff_data
 .text.unstuff_data
                0x08000394       0x22 objdir-CWNANO/simpleserial.o
                0x08000394                unstuff_data
 *fill*         0x080003b6        0x2 
 .text.simpleserial_addcmd
                0x080003b8       0x3c objdir-CWNANO/simpleserial.o
                0x080003b8                simpleserial_addcmd
 .text.simpleserial_init
                0x080003f4       0x20 objdir-CWNANO/simpleserial.o
                0x080003f4                simpleserial_init
 .text.simpleserial_put
                0x08000414       0x52 objdir-CWNANO/simpleserial.o
                0x08000414                simpleserial_put
 .text.check_version
                0x08000466       0x16 objdir-CWNANO/simpleserial.o
                0x08000466                check_version
 .text.ss_get_commands
                0x0800047c       0x3c objdir-CWNANO/simpleserial.o
                0x0800047c                ss_get_commands
 .text.simpleserial_get
                0x080004b8       0xd4 objdir-CWNANO/simpleserial.o
                0x080004b8                simpleserial_get
 .text.platform_init
                0x0800058c       0x58 objdir-CWNANO/stm32f0_hal_nano.o
                0x0800058c                platform_init
 .text.init_uart
                0x080005e4       0x80 objdir-CWNANO/stm32f0_hal_nano.o
                0x080005e4                init_uart
 .text.trigger_setup
                0x08000664       0x88 objdir-CWNANO/stm32f0_hal_nano.o
                0x08000664                trigger_setup
 .text.trigger_high
                0x080006ec       0x10 objdir-CWNANO/stm32f0_hal_nano.o
                0x080006ec                trigger_high
 .text.trigger_low
                0x080006fc       0x10 objdir-CWNANO/stm32f0_hal_nano.o
                0x080006fc                trigger_low
 .text.getch    0x0800070c       0x30 objdir-CWNANO/stm32f0_hal_nano.o
                0x0800070c                getch
 .text.putch    0x0800073c       0x1c objdir-CWNANO/stm32f0_hal_nano.o
                0x0800073c                putch
 .text.HAL_GetTick
                0x08000758       0x10 objdir-CWNANO/stm32f0_hal_lowlevel.o
                0x08000758                HAL_GetTick
 .text.HAL_RCC_OscConfig
                0x08000768      0x3bc objdir-CWNANO/stm32f0_hal_lowlevel.o
                0x08000768                HAL_RCC_OscConfig
 .text.HAL_RCC_ClockConfig
                0x08000b24      0x114 objdir-CWNANO/stm32f0_hal_lowlevel.o
                0x08000b24                HAL_RCC_ClockConfig
 .text.HAL_GPIO_Init
                0x08000c38      0x164 objdir-CWNANO/stm32f0_hal_lowlevel.o
                0x08000c38                HAL_GPIO_Init
 .text.HAL_GPIO_WritePin
                0x08000d9c        0xc objdir-CWNANO/stm32f0_hal_lowlevel.o
                0x08000d9c                HAL_GPIO_WritePin
 .text.UART_WaitOnFlagUntilTimeout
                0x08000da8       0x64 objdir-CWNANO/stm32f0_hal_lowlevel.o
                0x08000da8                UART_WaitOnFlagUntilTimeout
 .text.UART_SetConfig
                0x08000e0c      0x100 objdir-CWNANO/stm32f0_hal_lowlevel.o
                0x08000e0c                UART_SetConfig
 .text.HAL_UART_Init
                0x08000f0c       0x64 objdir-CWNANO/stm32f0_hal_lowlevel.o
                0x08000f0c                HAL_UART_Init
 .text.HAL_UART_Receive
                0x08000f70       0xec objdir-CWNANO/stm32f0_hal_lowlevel.o
                0x08000f70                HAL_UART_Receive
 .text.HAL_UART_Transmit
                0x0800105c       0xcc objdir-CWNANO/stm32f0_hal_lowlevel.o
                0x0800105c                HAL_UART_Transmit
 .text.KeyExpansion
                0x08001128       0x98 objdir-CWNANO/aes.o
 .text.AddRoundKey
                0x080011c0       0x3c objdir-CWNANO/aes.o
 .text.SubBytes
                0x080011fc       0x2c objdir-CWNANO/aes.o
 .text.ShiftRows
                0x08001228       0x3c objdir-CWNANO/aes.o
 .text.xtime    0x08001264       0x12 objdir-CWNANO/aes.o
 *fill*         0x08001276        0x2 
 .text.Cipher   0x08001278       0xa4 objdir-CWNANO/aes.o
 .text.BlockCopy
                0x0800131c        0xe objdir-CWNANO/aes.o
 *fill*         0x0800132a        0x2 
 .text.AES128_ECB_indp_setkey
                0x0800132c       0x10 objdir-CWNANO/aes.o
                0x0800132c                AES128_ECB_indp_setkey
 .text.AES128_ECB_indp_crypto
                0x0800133c       0x18 objdir-CWNANO/aes.o
                0x0800133c                AES128_ECB_indp_crypto
 .text.aes_indep_init
                0x08001354        0x2 objdir-CWNANO/aes-independant.o
                0x08001354                aes_indep_init
 .text.aes_indep_key
                0x08001356        0x8 objdir-CWNANO/aes-independant.o
                0x08001356                aes_indep_key
 .text.aes_indep_enc
                0x0800135e        0x8 objdir-CWNANO/aes-independant.o
                0x0800135e                aes_indep_enc
 .text.aes_indep_enc_pretrigger
                0x08001366        0x2 objdir-CWNANO/aes-independant.o
                0x08001366                aes_indep_enc_pretrigger
 .text.aes_indep_enc_posttrigger
                0x08001368        0x2 objdir-CWNANO/aes-independant.o
                0x08001368                aes_indep_enc_posttrigger
 .text.aes_indep_mask
                0x0800136a        0x2 objdir-CWNANO/aes-independant.o
                0x0800136a                aes_indep_mask
 .text.Reset_Handler
                0x0800136c       0x48 objdir-CWNANO/stm32f0_startup.o
                0x0800136c                Reset_Handler
 .text.Default_Handler
                0x080013b4        0x2 objdir-CWNANO/stm32f0_startup.o
                0x080013b4                DebugMon_Handler
                0x080013b4                HardFault_Handler
                0x080013b4                SysTick_Handler
                0x080013b4                PendSV_Handler
                0x080013b4                NMI_Handler
                0x080013b4                UsageFault_Handler
                0x080013b4                Default_Handler
                0x080013b4                MemManage_Handler
                0x080013b4                SVC_Handler
                0x080013b4                BusFault_Handler
 *fill*         0x080013b6        0x2 
 .text.__libc_init_array
                0x080013b8       0x48 /usr/lib/gcc/arm-none-eabi/14.2.0/../../../../arm-none-eabi/lib/thumb/v6-m/nofp/libg_nano.a(libc_a-init.o)
                0x080013b8                __libc_init_array
 .text.memcpy   0x08001400       0x12 /usr/lib/gcc/arm-none-eabi/14.2.0/../../../../arm-none-eabi/lib/thumb/v6-m/nofp/libg_nano.a(libc_a-memcpy-stub.o)
                0x08001400                memcpy
 *(.glue_7)
 .glue_7        0x08001412        0x0 linker stubs
 *(.glue_7t)
 .glue_7t       0x08001412        0x0 linker stubs
 *(.eh_frame)
 *fill*         0x08001412        0x2 
 .eh_frame      0x08001414        0x0 /usr/lib/gcc/arm-none-eabi/14.2.0/thumb/v6-m/nofp/crtbegin.o
 *(.init)
 .init          0x08001414        0x4 /usr/lib/gcc/arm-none-eabi/14.2.0/thumb/v6-m/nofp/crti.o
                0x08001414                _init
 .init          0x08001418        0x8 /usr/lib/gcc/arm-none-eabi/14.2.0/thumb/v6-m/nofp/crtn.o
 *(.fini)
 .fini          0x08001420        0x4 /usr/lib/gcc/arm-none-eabi/14.2.0/thumb/v6-m/nofp/crti.o
                0x08001420                _fini
 .fini          0x08001424        0x8 /usr/lib/gcc/arm-none-eabi/14.2.0/thumb/v6-m/nofp/crtn.o
                0x0800142c                        . = ALIGN (0x4)
                0x0800142c                        _etext = .

.vfp11_veneer   0x0800142c        0x0
 .vfp11_veneer  0x0800142c        0x0 linker stubs

.v4_bx          0x0800142c        0x0
 .v4_bx         0x0800142c        0x0 linker stubs

.iplt           0x0800142c        0x0
 .iplt          0x0800142c        0x0 /usr/lib/gcc/arm-none-eabi/14.2.0/thumb/v6-m/nofp/crtbegin.o

.rodata         0x0800142c       0x14
                0x0800142c                        . = ALIGN (0x4)
 *(.rodata)
 .rodata        0x0800142c        0x3 objdir-CWNANO/stm32f0_hal_lowlevel.o
 *(.rodata*)
 .rodata.str1.1
                0x0800142f       0x11 objdir-CWNANO/simpleserial-aes.o
                0x08001440                        . = ALIGN (0x4)

.rel.dyn        0x08001440        0x0
 .rel.iplt      0x08001440        0x0 /usr/lib/gcc/arm-none-eabi/14.2.0/thumb/v6-m/nofp/crtbegin.o

.ARM.extab      0x08001440        0x0
                0x08001440                        . = ALIGN (0x4)
 *(.ARM.extab* .gnu.linkonce.armextab.*)
                0x08001440                        . = ALIGN (0x4)

.ARM            0x08001440        0x0
                0x08001440                        . = ALIGN (0x4)
                0x08001440                        __exidx_start = .
 *(.ARM.exidx*)
                0x08001440                        __exidx_end = .
                0x08001440                        . = ALIGN (0x4)

.preinit_array  0x08001440        0x0
                0x08001440                        . = ALIGN (0x4)
                0x08001440                        PROVIDE (__preinit_array_start = .)
 *(.preinit_array*)
                0x08001440                        PROVIDE (__preinit_array_end = .)
                0x08001440                        . = ALIGN (0x4)

.init_array     0x08001440        0x4
                0x08001440                        . = ALIGN (0x4)
                0x08001440                        PROVIDE (__init_array_start = .)
 *(SORT_BY_NAME(.init_array.*))
 *(.init_array*)
 .init_array    0x08001440        0x4 /usr/lib/gcc/arm-none-eabi/14.2.0/thumb/v6-m/nofp/crtbegin.o
                0x08001444                        PROVIDE (__init_array_end = .)
                0x08001444                        . = ALIGN (0x4)

.fini_array     0x08001444        0x4
                0x08001444                        . = ALIGN (0x4)
                0x08001444                        PROVIDE (__fini_array_start = .)
 *(SORT_BY_NAME(.fini_array.*))
 *(.fini_array*)
 .fini_array    0x08001444        0x4 /usr/lib/gcc/arm-none-eabi/14.2.0/thumb/v6-m/nofp/crtbegin.o
                0x08001448                        PROVIDE (__fini_array_end = .)
                0x08001448                        . = ALIGN (0x4)
                0x08001448                        _sidata = LOADADDR (.data)

.data           0x20000000      0x210 load address 0x08001448
                0x20000000                        . = ALIGN (0x4)
                0x20000000                        _sdata = .
 *(.data)
 .data          0x20000000        0x4 objdir-CWNANO/stm32f0_hal_lowlevel.o
                0x20000000                SystemCoreClock
 .data          0x20000004      0x20b objdir-CWNANO/aes.o
                0x20000004                Rcon
                0x2000000f                rsbox
                0x2000010f                sbox
 *(.data*)
                0x20000210                        . = ALIGN (0x4)
 *fill*         0x2000020f        0x1 
                0x20000210                        _edata = .

.igot.plt       0x20000210        0x0 load address 0x08001658
 .igot.plt      0x20000210        0x0 /usr/lib/gcc/arm-none-eabi/14.2.0/thumb/v6-m/nofp/crtbegin.o
                0x20000210                        . = ALIGN (0x4)

.bss            0x20000210      0x2dc load address 0x08001658
                0x20000210                        _sbss = .
                0x20000210                        __bss_start__ = _sbss
 *(.bss)
 .bss           0x20000210      0x184 objdir-CWNANO/simpleserial.o
 .bss           0x20000394       0x70 objdir-CWNANO/stm32f0_hal_nano.o
                0x20000394                UartHandle
 .bss           0x20000404        0x4 objdir-CWNANO/stm32f0_hal_lowlevel.o
 .bss           0x20000408       0xc8 objdir-CWNANO/aes.o
 *(.bss*)
 .bss.completed.1
                0x200004d0        0x1 /usr/lib/gcc/arm-none-eabi/14.2.0/thumb/v6-m/nofp/crtbegin.o
 *fill*         0x200004d1        0x3 
 .bss.object.0  0x200004d4       0x18 /usr/lib/gcc/arm-none-eabi/14.2.0/thumb/v6-m/nofp/crtbegin.o
 *(COMMON)
                0x200004ec                        . = ALIGN (0x4)
                0x200004ec                        _ebss = .
                0x200004ec                        __bss_end__ = _ebss

._user_heap_stack
                0x200004ec      0x404 load address 0x08001658
                0x200004f0                        . = ALIGN (0x8)
 *fill*         0x200004ec        0x4 
                0x200004f0                        PROVIDE (end = .)
                [!provide]                        PROVIDE (_end = .)
                0x200004f0                        . = (. + _Min_Heap_Size)
                0x200008f0                        . = (. + _Min_Stack_Size)
 *fill*         0x200004f0      0x400 
                0x200008f0                        . = ALIGN (0x8)

/DISCARD/
 libc.a(*)
 libm.a(*)
 libgcc.a(*)

.ARM.attributes
                0x00000000       0x28
 *(.ARM.attributes)
 .ARM.attributes
                0x00000000       0x1e /usr/lib/gcc/arm-none-eabi/14.2.0/thumb/v6-m/nofp/crti.o
 .ARM.attributes
                0x0000001e       0x2c /usr/lib/gcc/arm-none-eabi/14.2.0/thumb/v6-m/nofp/crtbegin.o
 .ARM.attributes
                0x0000004a       0x2c objdir-CWNANO/simpleserial-aes.o
 .ARM.attributes
                0x00000076       0x2c objdir-CWNANO/simpleserial.o
 .ARM.attributes
                0x000000a2       0x2c objdir-CWNANO/stm32f0_hal_nano.o
 .ARM.attributes
                0x000000ce       0x2c objdir-CWNANO/stm32f0_hal_lowlevel.o
 .ARM.attributes
                0x000000fa       0x2c objdir-CWNANO/aes.o
 .ARM.attributes
                0x00000126       0x2c objdir-CWNANO/aes-independant.o
 .ARM.attributes
                0x00000152       0x21 objdir-CWNANO/stm32f0_startup.o
 .ARM.attributes
                0x00000173       0x1e /usr/lib/gcc/arm-none-eabi/14.2.0/thumb/v6-m/nofp/libgcc.a(_thumb1_case_uqi.o)
 .ARM.attributes
                0x00000191       0x1e /usr/lib/gcc/arm-none-eabi/14.2.0/thumb/v6-m/nofp/libgcc.a(_udivsi3.o)
 .ARM.attributes
                0x000001af       0x1e /usr/lib/gcc/arm-none-eabi/14.2.0/thumb/v6-m/nofp/libgcc.a(_dvmd_tls.o)
 .ARM.attributes
                0x000001cd       0x2c /usr/lib/gcc/arm-none-eabi/14.2.0/../../../../arm-none-eabi/lib/thumb/v6-m/nofp/libg_nano.a(libc_a-init.o)
 .ARM.attributes
                0x000001f9       0x2c /usr/lib/gcc/arm-none-eabi/14.2.0/../../../../arm-none-eabi/lib/thumb/v6-m/nofp/libg_nano.a(libc_a-memcpy-stub.o)
 .ARM.attributes
                0x00000225       0x1e /usr/lib/gcc/arm-none-eabi/14.2.0/thumb/v6-m/nofp/crtn.o
OUTPUT(simpleserial-aes-CWNANO.elf elf32-littlearm)
LOAD linker stubs
LOAD /usr/lib/gcc/arm-none-eabi/14.2.0/../../../../arm-none-eabi/lib/thumb/v6-m/nofp/libc.a
LOAD /usr/lib/gcc/arm-none-eabi/14.2.0/../../../../arm-none-eabi/lib/thumb/v6-m/nofp/libm.a
LOAD /usr/lib/gcc/arm-none-eabi/14.2.0/thumb/v6-m/nofp/libgcc.a

.debug_info     0x00000000     0x42da
 .debug_info    0x00000000      0x72a objdir-CWNANO/simpleserial-aes.o
 .debug_info    0x0000072a      0x7fc objdir-CWNANO/simpleserial.o
 .debug_info    0x00000f26      0xf87 objdir-CWNANO/stm32f0_hal_nano.o
 .debug_info    0x00001ead     0x1501 objdir-CWNANO/stm32f0_hal_lowlevel.o
 .debug_info    0x000033ae      0xa5b objdir-CWNANO/aes.o
 .debug_info    0x00003e09      0x201 objdir-CWNANO/aes-independant.o
 .debug_info    0x0000400a       0x31 /usr/lib/gcc/arm-none-eabi/14.2.0/thumb/v6-m/nofp/libgcc.a(_thumb1_case_uqi.o)
 .debug_info    0x0000403b       0x3d /usr/lib/gcc/arm-none-eabi/14.2.0/thumb/v6-m/nofp/libgcc.a(_udivsi3.o)
 .debug_info    0x00004078       0x3c /usr/lib/gcc/arm-none-eabi/14.2.0/thumb/v6-m/nofp/libgcc.a(_dvmd_tls.o)
 .debug_info    0x000040b4      0x10b /usr/lib/gcc/arm-none-eabi/14.2.0/../../../../arm-none-eabi/lib/thumb/v6-m/nofp/libg_nano.a(libc_a-init.o)
 .debug_info    0x000041bf      0x11b /usr/lib/gcc/arm-none-eabi/14.2.0/../../../../arm-none-eabi/lib/thumb/v6-m/nofp/libg_nano.a(libc_a-memcpy-stub.o)

.debug_abbrev   0x00000000     0x1039
 .debug_abbrev  0x00000000      0x257 objdir-CWNANO/simpleserial-aes.o
 .debug_abbrev  0x00000257      0x221 objdir-CWNANO/simpleserial.o
 .debug_abbrev  0x00000478      0x225 objdir-CWNANO/stm32f0_hal_nano.o
 .debug_abbrev  0x0000069d      0x347 objdir-CWNANO/stm32f0_hal_lowlevel.o
 .debug_abbrev  0x000009e4      0x2f2 objdir-CWNANO/aes.o
 .debug_abbrev  0x00000cd6      0x163 objdir-CWNANO/aes-independant.o
 .debug_abbrev  0x00000e39       0x28 /usr/lib/gcc/arm-none-eabi/14.2.0/thumb/v6-m/nofp/libgcc.a(_thumb1_case_uqi.o)
 .debug_abbrev  0x00000e61       0x28 /usr/lib/gcc/arm-none-eabi/14.2.0/thumb/v6-m/nofp/libgcc.a(_udivsi3.o)
 .debug_abbrev  0x00000e89       0x26 /usr/lib/gcc/arm-none-eabi/14.2.0/thumb/v6-m/nofp/libgcc.a(_dvmd_tls.o)
 .debug_abbrev  0x00000eaf       0xc9 /usr/lib/gcc/arm-none-eabi/14.2.0/../../../../arm-none-eabi/lib/thumb/v6-m/nofp/libg_nano.a(libc_a-init.o)
 .debug_abbrev  0x00000f78       0xc1 /usr/lib/gcc/arm-none-eabi/14.2.0/../../../../arm-none-eabi/lib/thumb/v6-m/nofp/libg_nano.a(libc_a-memcpy-stub.o)

.debug_loc      0x00000000     0x2d21
 .debug_loc     0x00000000      0x513 objdir-CWNANO/simpleserial-aes.o
 .debug_loc     0x00000513      0x9e5 objdir-CWNANO/simpleserial.o
 .debug_loc     0x00000ef8      0x1d4 objdir-CWNANO/stm32f0_hal_nano.o
 .debug_loc     0x000010cc     0x125f objdir-CWNANO/stm32f0_hal_lowlevel.o
 .debug_loc     0x0000232b      0x960 objdir-CWNANO/aes.o
 .debug_loc     0x00002c8b       0x96 objdir-CWNANO/aes-independant.o

.debug_aranges  0x00000000      0x320
 .debug_aranges
                0x00000000       0x58 objdir-CWNANO/simpleserial-aes.o
 .debug_aranges
                0x00000058       0x70 objdir-CWNANO/simpleserial.o
 .debug_aranges
                0x000000c8       0x60 objdir-CWNANO/stm32f0_hal_nano.o
 .debug_aranges
                0x00000128       0x90 objdir-CWNANO/stm32f0_hal_lowlevel.o
 .debug_aranges
                0x000001b8       0x80 objdir-CWNANO/aes.o
 .debug_aranges
                0x00000238       0x48 objdir-CWNANO/aes-independant.o
 .debug_aranges
                0x00000280       0x20 /usr/lib/gcc/arm-none-eabi/14.2.0/thumb/v6-m/nofp/libgcc.a(_thumb1_case_uqi.o)
 .debug_aranges
                0x000002a0       0x20 /usr/lib/gcc/arm-none-eabi/14.2.0/thumb/v6-m/nofp/libgcc.a(_udivsi3.o)
 .debug_aranges
                0x000002c0       0x20 /usr/lib/gcc/arm-none-eabi/14.2.0/thumb/v6-m/nofp/libgcc.a(_dvmd_tls.o)
 .debug_aranges
                0x000002e0       0x20 /usr/lib/gcc/arm-none-eabi/14.2.0/../../../../arm-none-eabi/lib/thumb/v6-m/nofp/libg_nano.a(libc_a-init.o)
 .debug_aranges
                0x00000300       0x20 /usr/lib/gcc/arm-none-eabi/14.2.0/../../../../arm-none-eabi/lib/thumb/v6-m/nofp/libg_nano.a(libc_a-memcpy-stub.o)

.debug_ranges   0x00000000      0x448
 .debug_ranges  0x00000000       0x98 objdir-CWNANO/simpleserial-aes.o
 .debug_ranges  0x00000098       0xe8 objdir-CWNANO/simpleserial.o
 .debug_ranges  0x00000180       0xc0 objdir-CWNANO/stm32f0_hal_nano.o
 .debug_ranges  0x00000240       0xf8 objdir-CWNANO/stm32f0_hal_lowlevel.o
 .debug_ranges  0x00000338       0xd8 objdir-CWNANO/aes.o
 .debug_ranges  0x00000410       0x38 objdir-CWNANO/aes-independant.o

.debug_line     0x00000000     0x2dae
 .debug_line    0x00000000      0x341 objdir-CWNANO/simpleserial-aes.o
 .debug_line    0x00000341      0x654 objdir-CWNANO/simpleserial.o
 .debug_line    0x00000995      0x49e objdir-CWNANO/stm32f0_hal_nano.o
 .debug_line    0x00000e33     0x11c9 objdir-CWNANO/stm32f0_hal_lowlevel.o
 .debug_line    0x00001ffc      0x8b3 objdir-CWNANO/aes.o
 .debug_line    0x000028af      0x159 objdir-CWNANO/aes-independant.o
 .debug_line    0x00002a08       0x52 /usr/lib/gcc/arm-none-eabi/14.2.0/thumb/v6-m/nofp/libgcc.a(_thumb1_case_uqi.o)
 .debug_line    0x00002a5a       0x61 /usr/lib/gcc/arm-none-eabi/14.2.0/thumb/v6-m/nofp/libgcc.a(_udivsi3.o)
 .debug_line    0x00002abb       0x4a /usr/lib/gcc/arm-none-eabi/14.2.0/thumb/v6-m/nofp/libgcc.a(_dvmd_tls.o)
 .debug_line    0x00002b05      0x119 /usr/lib/gcc/arm-none-eabi/14.2.0/../../../../arm-none-eabi/lib/thumb/v6-m/nofp/libg_nano.a(libc_a-init.o)
 .debug_line    0x00002c1e      0x190 /usr/lib/gcc/arm-none-eabi/14.2.0/../../../../arm-none-eabi/lib/thumb/v6-m/nofp/libg_nano.a(libc_a-memcpy-stub.o)

.debug_str      0x00000000     0x123d
 .debug_str     0x00000000     0x123d objdir-CWNANO/simpleserial-aes.o
                                0x37f (size before relaxing)
 .debug_str     0x0000123d      0x316 objdir-CWNANO/simpleserial.o
 .debug_str     0x0000123d      0x951 objdir-CWNANO/stm32f0_hal_nano.o
 .debug_str     0x0000123d      0xbd5 objdir-CWNANO/stm32f0_hal_lowlevel.o
 .debug_str     0x0000123d      0x30f objdir-CWNANO/aes.o
 .debug_str     0x0000123d      0x240 objdir-CWNANO/aes-independant.o
 .debug_str     0x0000123d       0xb4 /usr/lib/gcc/arm-none-eabi/14.2.0/thumb/v6-m/nofp/libgcc.a(_thumb1_case_uqi.o)
 .debug_str     0x0000123d       0xb9 /usr/lib/gcc/arm-none-eabi/14.2.0/thumb/v6-m/nofp/libgcc.a(_udivsi3.o)
 .debug_str     0x0000123d       0xba /usr/lib/gcc/arm-none-eabi/14.2.0/thumb/v6-m/nofp/libgcc.a(_dvmd_tls.o)
 .debug_str     0x0000123d      0x219 /usr/lib/gcc/arm-none-eabi/14.2.0/../../../../arm-none-eabi/lib/thumb/v6-m/nofp/libg_nano.a(libc_a-init.o)
 .debug_str     0x0000123d      0x1d6 /usr/lib/gcc/arm-none-eabi/14.2.0/../../../../arm-none-eabi/lib/thumb/v6-m/nofp/libg_nano.a(libc_a-memcpy-stub.o)

.comment        0x00000000       0x1e
 .comment       0x00000000       0x1e objdir-CWNANO/simpleserial-aes.o
                                 0x1f (size before relaxing)
 .comment       0x0000001e       0x1f objdir-CWNANO/simpleserial.o
 .comment       0x0000001e       0x1f objdir-CWNANO/stm32f0_hal_nano.o
 .comment       0x0000001e       0x1f objdir-CWNANO/stm32f0_hal_lowlevel.o
 .comment       0x0000001e       0x1f objdir-CWNANO/aes.o
 .comment       0x0000001e       0x1f objdir-CWNANO/aes-independant.o
 .comment       0x0000001e       0x1f /usr/lib/gcc/arm-none-eabi/14.2.0/../../../../arm-none-eabi/lib/thumb/v6-m/nofp/libg_nano.a(libc_a-init.o)
 .comment       0x0000001e       0x1f /usr/lib/gcc/arm-none-eabi/14.2.0/../../../../arm-none-eabi/lib/thumb/v6-m/nofp/libg_nano.a(libc_a-memcpy-stub.o)

.debug_frame    0x00000000      0x714
 .debug_frame   0x00000000       0xd4 objdir-CWNANO/simpleserial-aes.o
 .debug_frame   0x000000d4      0x150 objdir-CWNANO/simpleserial.o
 .debug_frame   0x00000224      0x10c objdir-CWNANO/stm32f0_hal_nano.o
 .debug_frame   0x00000330      0x194 objdir-CWNANO/stm32f0_hal_lowlevel.o
 .debug_frame   0x000004c4      0x15c objdir-CWNANO/aes.o
 .debug_frame   0x00000620       0x80 objdir-CWNANO/aes-independant.o
 .debug_frame   0x000006a0       0x20 /usr/lib/gcc/arm-none-eabi/14.2.0/thumb/v6-m/nofp/libgcc.a(_udivsi3.o)
 .debug_frame   0x000006c0       0x2c /usr/lib/gcc/arm-none-eabi/14.2.0/../../../../arm-none-eabi/lib/thumb/v6-m/nofp/libg_nano.a(libc_a-init.o)
 .debug_frame   0x000006ec       0x28 /usr/lib/gcc/arm-none-eabi/14.2.0/../../../../arm-none-eabi/lib/thumb/v6-m/nofp/libg_nano.a(libc_a-memcpy-stub.o)

.stab           0x00000000      0x144
 .stab          0x00000000      0x144 objdir-CWNANO/stm32f0_startup.o

.stabstr        0x00000000       0x35
 .stabstr       0x00000000       0x35 objdir-CWNANO/stm32f0_startup.o

.debug_line_str
                0x00000000       0x92
 .debug_line_str
                0x00000000       0x92 /usr/lib/gcc/arm-none-eabi/14.2.0/thumb/v6-m/nofp/libgcc.a(_thumb1_case_uqi.o)
 .debug_line_str
                0x00000092       0x92 /usr/lib/gcc/arm-none-eabi/14.2.0/thumb/v6-m/nofp/libgcc.a(_udivsi3.o)
 .debug_line_str
                0x00000092       0x92 /usr/lib/gcc/arm-none-eabi/14.2.0/thumb/v6-m/nofp/libgcc.a(_dvmd_tls.o)

.debug_loclists
                0x00000000      0x10a
 .debug_loclists
                0x00000000       0x5b /usr/lib/gcc/arm-none-eabi/14.2.0/../../../../arm-none-eabi/lib/thumb/v6-m/nofp/libg_nano.a(libc_a-init.o)
 .debug_loclists
                0x0000005b       0xaf /usr/lib/gcc/arm-none-eabi/14.2.0/../../../../arm-none-eabi/lib/thumb/v6-m/nofp/libg_nano.a(libc_a-memcpy-stub.o)

.debug_rnglists
                0x00000000       0x26
 .debug_rnglists
                0x00000000       0x13 /usr/lib/gcc/arm-none-eabi/14.2.0/../../../../arm-none-eabi/lib/thumb/v6-m/nofp/libg_nano.a(libc_a-init.o)
 .debug_rnglists
                0x00000013       0x13 /usr/lib/gcc/arm-none-eabi/14.2.0/../../../../arm-none-eabi/lib/thumb/v6-m/nofp/libg_nano.a(libc_a-memcpy-stub.o)

Cross Reference Table

Symbol                                            File
AES128_ECB_decrypt                                objdir-CWNANO/aes.o
AES128_ECB_encrypt                                objdir-CWNANO/aes.o
AES128_ECB_indp_crypto                            objdir-CWNANO/aes.o
                                                  objdir-CWNANO/aes-independant.o
AES128_ECB_indp_setkey                            objdir-CWNANO/aes.o
                                                  objdir-CWNANO/aes-independant.o
BusFault_Handler                                  objdir-CWNANO/stm32f0_startup.o
DebugMon_Handler                                  objdir-CWNANO/stm32f0_startup.o
Default_Handler                                   objdir-CWNANO/stm32f0_startup.o
HAL_GPIO_Init                                     objdir-CWNANO/stm32f0_hal_lowlevel.o
                                                  objdir-CWNANO/stm32f0_hal_nano.o
HAL_GPIO_WritePin                                 objdir-CWNANO/stm32f0_hal_lowlevel.o
                                                  objdir-CWNANO/stm32f0_hal_nano.o
HAL_GetTick                                       objdir-CWNANO/stm32f0_hal_lowlevel.o
HAL_RCCEx_PeriphCLKConfig                         objdir-CWNANO/stm32f0_hal_lowlevel.o
HAL_RCC_ClockConfig                               objdir-CWNANO/stm32f0_hal_lowlevel.o
                                                  objdir-CWNANO/stm32f0_hal_nano.o
HAL_RCC_GetPCLK1Freq                              objdir-CWNANO/stm32f0_hal_lowlevel.o
HAL_RCC_GetPCLK2Freq                              objdir-CWNANO/stm32f0_hal_lowlevel.o
HAL_RCC_GetSysClockFreq                           objdir-CWNANO/stm32f0_hal_lowlevel.o
HAL_RCC_OscConfig                                 objdir-CWNANO/stm32f0_hal_lowlevel.o
                                                  objdir-CWNANO/stm32f0_hal_nano.o
HAL_UART_Init                                     objdir-CWNANO/stm32f0_hal_lowlevel.o
                                                  objdir-CWNANO/stm32f0_hal_nano.o
HAL_UART_Receive                                  objdir-CWNANO/stm32f0_hal_lowlevel.o
                                                  objdir-CWNANO/stm32f0_hal_nano.o
HAL_UART_Transmit                                 objdir-CWNANO/stm32f0_hal_lowlevel.o
                                                  objdir-CWNANO/stm32f0_hal_nano.o
HardFault_Handler                                 objdir-CWNANO/stm32f0_startup.o
MemManage_Handler                                 objdir-CWNANO/stm32f0_startup.o
NMI_Handler                                       objdir-CWNANO/stm32f0_startup.o
PendSV_Handler                                    objdir-CWNANO/stm32f0_startup.o
Rcon                                              objdir-CWNANO/aes.o
Reset_Handler                                     objdir-CWNANO/stm32f0_startup.o
SVC_Handler                                       objdir-CWNANO/stm32f0_startup.o
SysTick_Handler                                   objdir-CWNANO/stm32f0_startup.o
SystemCoreClock                                   objdir-CWNANO/stm32f0_hal_lowlevel.o
SystemInit                                        objdir-CWNANO/stm32f0_startup.o
UART_CheckIdleState                               objdir-CWNANO/stm32f0_hal_lowlevel.o
UART_SetConfig                                    objdir-CWNANO/stm32f0_hal_lowlevel.o
UART_WaitOnFlagUntilTimeout                       objdir-CWNANO/stm32f0_hal_lowlevel.o
UartHandle                                        objdir-CWNANO/stm32f0_hal_nano.o
UsageFault_Handler                                objdir-CWNANO/stm32f0_startup.o
__aeabi_idiv0                                     /usr/lib/gcc/arm-none-eabi/14.2.0/thumb/v6-m/nofp/libgcc.a(_dvmd_tls.o)
                                                  /usr/lib/gcc/arm-none-eabi/14.2.0/thumb/v6-m/nofp/libgcc.a(_udivsi3.o)
__aeabi_ldiv0                                     /usr/lib/gcc/arm-none-eabi/14.2.0/thumb/v6-m/nofp/libgcc.a(_dvmd_tls.o)
__aeabi_uidiv                                     /usr/lib/gcc/arm-none-eabi/14.2.0/thumb/v6-m/nofp/libgcc.a(_udivsi3.o)
                                                  objdir-CWNANO/stm32f0_hal_lowlevel.o
__aeabi_uidivmod                                  /usr/lib/gcc/arm-none-eabi/14.2.0/thumb/v6-m/nofp/libgcc.a(_udivsi3.o)
__atexit                                          /usr/lib/gcc/arm-none-eabi/14.2.0/../../../../arm-none-eabi/lib/thumb/v6-m/nofp/libg_nano.a(libc_a-__call_atexit.o)
                                                  /usr/lib/gcc/arm-none-eabi/14.2.0/../../../../arm-none-eabi/lib/thumb/v6-m/nofp/libg_nano.a(libc_a-__atexit.o)
__atexit0                                         /usr/lib/gcc/arm-none-eabi/14.2.0/../../../../arm-none-eabi/lib/thumb/v6-m/nofp/libg_nano.a(libc_a-__atexit.o)
__atexit_dummy                                    /usr/lib/gcc/arm-none-eabi/14.2.0/../../../../arm-none-eabi/lib/thumb/v6-m/nofp/libg_nano.a(libc_a-__atexit.o)
__atexit_recursive_mutex                          /usr/lib/gcc/arm-none-eabi/14.2.0/../../../../arm-none-eabi/lib/thumb/v6-m/nofp/libg_nano.a(libc_a-__call_atexit.o)
                                                  /usr/lib/gcc/arm-none-eabi/14.2.0/../../../../arm-none-eabi/lib/thumb/v6-m/nofp/libg_nano.a(libc_a-__atexit.o)
__bss_end__                                       /usr/lib/gcc/arm-none-eabi/14.2.0/../../../../arm-none-eabi/lib/thumb/v6-m/nofp/crt0.o
__bss_start__                                     /usr/lib/gcc/arm-none-eabi/14.2.0/../../../../arm-none-eabi/lib/thumb/v6-m/nofp/crt0.o
__call_exitprocs                                  /usr/lib/gcc/arm-none-eabi/14.2.0/../../../../arm-none-eabi/lib/thumb/v6-m/nofp/libg_nano.a(libc_a-__call_atexit.o)
                                                  /usr/lib/gcc/arm-none-eabi/14.2.0/../../../../arm-none-eabi/lib/thumb/v6-m/nofp/libg_nano.a(libc_a-__atexit.o)
                                                  /usr/lib/gcc/arm-none-eabi/14.2.0/../../../../arm-none-eabi/lib/thumb/v6-m/nofp/libg_nano.a(libc_a-exit.o)
__deregister_frame_info                           /usr/lib/gcc/arm-none-eabi/14.2.0/thumb/v6-m/nofp/crtbegin.o
__dso_handle                                      /usr/lib/gcc/arm-none-eabi/14.2.0/thumb/v6-m/nofp/crtbegin.o
__fini_array_end                                  /usr/lib/gcc/arm-none-eabi/14.2.0/../../../../arm-none-eabi/lib/thumb/v6-m/nofp/libg_nano.a(libc_a-fini.o)
__fini_array_start                                /usr/lib/gcc/arm-none-eabi/14.2.0/../../../../arm-none-eabi/lib/thumb/v6-m/nofp/libg_nano.a(libc_a-fini.o)
__fp_lock_all                                     /usr/lib/gcc/arm-none-eabi/14.2.0/../../../../arm-none-eabi/lib/thumb/v6-m/nofp/libg_nano.a(libc_a-findfp.o)
__fp_unlock_all                                   /usr/lib/gcc/arm-none-eabi/14.2.0/../../../../arm-none-eabi/lib/thumb/v6-m/nofp/libg_nano.a(libc_a-findfp.o)
__gnu_thumb1_case_uqi                             /usr/lib/gcc/arm-none-eabi/14.2.0/thumb/v6-m/nofp/libgcc.a(_thumb1_case_uqi.o)
                                                  objdir-CWNANO/stm32f0_hal_lowlevel.o
__init_array_end                                  /usr/lib/gcc/arm-none-eabi/14.2.0/../../../../arm-none-eabi/lib/thumb/v6-m/nofp/libg_nano.a(libc_a-init.o)
__init_array_start                                /usr/lib/gcc/arm-none-eabi/14.2.0/../../../../arm-none-eabi/lib/thumb/v6-m/nofp/libg_nano.a(libc_a-init.o)
__libc_fini_array                                 /usr/lib/gcc/arm-none-eabi/14.2.0/../../../../arm-none-eabi/lib/thumb/v6-m/nofp/libg_nano.a(libc_a-fini.o)
                                                  /usr/lib/gcc/arm-none-eabi/14.2.0/../../../../arm-none-eabi/lib/thumb/v6-m/nofp/crt0.o
__libc_init_array                                 /usr/lib/gcc/arm-none-eabi/14.2.0/../../../../arm-none-eabi/lib/thumb/v6-m/nofp/libg_nano.a(libc_a-init.o)
                                                  objdir-CWNANO/stm32f0_startup.o
                                                  /usr/lib/gcc/arm-none-eabi/14.2.0/../../../../arm-none-eabi/lib/thumb/v6-m/nofp/crt0.o
__lock___arc4random_mutex                         /usr/lib/gcc/arm-none-eabi/14.2.0/../../../../arm-none-eabi/lib/thumb/v6-m/nofp/libg_nano.a(libc_a-lock.o)
__lock___at_quick_exit_mutex                      /usr/lib/gcc/arm-none-eabi/14.2.0/../../../../arm-none-eabi/lib/thumb/v6-m/nofp/libg_nano.a(libc_a-lock.o)
__lock___atexit_recursive_mutex                   /usr/lib/gcc/arm-none-eabi/14.2.0/../../../../arm-none-eabi/lib/thumb/v6-m/nofp/libg_nano.a(libc_a-lock.o)
                                                  /usr/lib/gcc/arm-none-eabi/14.2.0/../../../../arm-none-eabi/lib/thumb/v6-m/nofp/libg_nano.a(libc_a-__call_atexit.o)
__lock___dd_hash_mutex                            /usr/lib/gcc/arm-none-eabi/14.2.0/../../../../arm-none-eabi/lib/thumb/v6-m/nofp/libg_nano.a(libc_a-lock.o)
__lock___env_recursive_mutex                      /usr/lib/gcc/arm-none-eabi/14.2.0/../../../../arm-none-eabi/lib/thumb/v6-m/nofp/libg_nano.a(libc_a-lock.o)
__lock___malloc_recursive_mutex                   /usr/lib/gcc/arm-none-eabi/14.2.0/../../../../arm-none-eabi/lib/thumb/v6-m/nofp/libg_nano.a(libc_a-lock.o)
                                                  /usr/lib/gcc/arm-none-eabi/14.2.0/../../../../arm-none-eabi/lib/thumb/v6-m/nofp/libg_nano.a(libc_a-mlock.o)
__lock___sfp_recursive_mutex                      /usr/lib/gcc/arm-none-eabi/14.2.0/../../../../arm-none-eabi/lib/thumb/v6-m/nofp/libg_nano.a(libc_a-lock.o)
                                                  /usr/lib/gcc/arm-none-eabi/14.2.0/../../../../arm-none-eabi/lib/thumb/v6-m/nofp/libg_nano.a(libc_a-findfp.o)
__lock___tz_mutex                                 /usr/lib/gcc/arm-none-eabi/14.2.0/../../../../arm-none-eabi/lib/thumb/v6-m/nofp/libg_nano.a(libc_a-lock.o)
__malloc_free_list                                /usr/lib/gcc/arm-none-eabi/14.2.0/../../../../arm-none-eabi/lib/thumb/v6-m/nofp/libg_nano.a(libc_a-mallocr.o)
                                                  /usr/lib/gcc/arm-none-eabi/14.2.0/../../../../arm-none-eabi/lib/thumb/v6-m/nofp/libg_nano.a(libc_a-freer.o)
__malloc_lock                                     /usr/lib/gcc/arm-none-eabi/14.2.0/../../../../arm-none-eabi/lib/thumb/v6-m/nofp/libg_nano.a(libc_a-mlock.o)
                                                  /usr/lib/gcc/arm-none-eabi/14.2.0/../../../../arm-none-eabi/lib/thumb/v6-m/nofp/libg_nano.a(libc_a-mallocr.o)
                                                  /usr/lib/gcc/arm-none-eabi/14.2.0/../../../../arm-none-eabi/lib/thumb/v6-m/nofp/libg_nano.a(libc_a-freer.o)
__malloc_sbrk_start                               /usr/lib/gcc/arm-none-eabi/14.2.0/../../../../arm-none-eabi/lib/thumb/v6-m/nofp/libg_nano.a(libc_a-mallocr.o)
__malloc_unlock                                   /usr/lib/gcc/arm-none-eabi/14.2.0/../../../../arm-none-eabi/lib/thumb/v6-m/nofp/libg_nano.a(libc_a-mlock.o)
                                                  /usr/lib/gcc/arm-none-eabi/14.2.0/../../../../arm-none-eabi/lib/thumb/v6-m/nofp/libg_nano.a(libc_a-mallocr.o)
                                                  /usr/lib/gcc/arm-none-eabi/14.2.0/../../../../arm-none-eabi/lib/thumb/v6-m/nofp/libg_nano.a(libc_a-freer.o)
__on_exit_args                                    /usr/lib/gcc/arm-none-eabi/14.2.0/../../../../arm-none-eabi/lib/thumb/v6-m/nofp/libg_nano.a(libc_a-__atexit.o)
__preinit_array_end                               /usr/lib/gcc/arm-none-eabi/14.2.0/../../../../arm-none-eabi/lib/thumb/v6-m/nofp/libg_nano.a(libc_a-init.o)
__preinit_array_start                             /usr/lib/gcc/arm-none-eabi/14.2.0/../../../../arm-none-eabi/lib/thumb/v6-m/nofp/libg_nano.a(libc_a-init.o)
__register_exitproc                               /usr/lib/gcc/arm-none-eabi/14.2.0/../../../../arm-none-eabi/lib/thumb/v6-m/nofp/libg_nano.a(libc_a-__atexit.o)
                                                  /usr/lib/gcc/arm-none-eabi/14.2.0/../../../../arm-none-eabi/lib/thumb/v6-m/nofp/libg_nano.a(libc_a-atexit.o)
__register_frame_info                             /usr/lib/gcc/arm-none-eabi/14.2.0/thumb/v6-m/nofp/crtbegin.o
__retarget_lock_acquire                           /usr/lib/gcc/arm-none-eabi/14.2.0/../../../../arm-none-eabi/lib/thumb/v6-m/nofp/libg_nano.a(libc_a-lock.o)
__retarget_lock_acquire_recursive                 /usr/lib/gcc/arm-none-eabi/14.2.0/../../../../arm-none-eabi/lib/thumb/v6-m/nofp/libg_nano.a(libc_a-lock.o)
                                                  /usr/lib/gcc/arm-none-eabi/14.2.0/../../../../arm-none-eabi/lib/thumb/v6-m/nofp/libg_nano.a(libc_a-fflush.o)
                                                  /usr/lib/gcc/arm-none-eabi/14.2.0/../../../../arm-none-eabi/lib/thumb/v6-m/nofp/libg_nano.a(libc_a-mlock.o)
                                                  /usr/lib/gcc/arm-none-eabi/14.2.0/../../../../arm-none-eabi/lib/thumb/v6-m/nofp/libg_nano.a(libc_a-__call_atexit.o)
                                                  /usr/lib/gcc/arm-none-eabi/14.2.0/../../../../arm-none-eabi/lib/thumb/v6-m/nofp/libg_nano.a(libc_a-__atexit.o)
                                                  /usr/lib/gcc/arm-none-eabi/14.2.0/../../../../arm-none-eabi/lib/thumb/v6-m/nofp/libg_nano.a(libc_a-findfp.o)
__retarget_lock_close                             /usr/lib/gcc/arm-none-eabi/14.2.0/../../../../arm-none-eabi/lib/thumb/v6-m/nofp/libg_nano.a(libc_a-lock.o)
__retarget_lock_close_recursive                   /usr/lib/gcc/arm-none-eabi/14.2.0/../../../../arm-none-eabi/lib/thumb/v6-m/nofp/libg_nano.a(libc_a-lock.o)
__retarget_lock_init                              /usr/lib/gcc/arm-none-eabi/14.2.0/../../../../arm-none-eabi/lib/thumb/v6-m/nofp/libg_nano.a(libc_a-lock.o)
__retarget_lock_init_recursive                    /usr/lib/gcc/arm-none-eabi/14.2.0/../../../../arm-none-eabi/lib/thumb/v6-m/nofp/libg_nano.a(libc_a-lock.o)
                                                  /usr/lib/gcc/arm-none-eabi/14.2.0/../../../../arm-none-eabi/lib/thumb/v6-m/nofp/libg_nano.a(libc_a-findfp.o)
__retarget_lock_release                           /usr/lib/gcc/arm-none-eabi/14.2.0/../../../../arm-none-eabi/lib/thumb/v6-m/nofp/libg_nano.a(libc_a-lock.o)
__retarget_lock_release_recursive                 /usr/lib/gcc/arm-none-eabi/14.2.0/../../../../arm-none-eabi/lib/thumb/v6-m/nofp/libg_nano.a(libc_a-lock.o)
                                                  /usr/lib/gcc/arm-none-eabi/14.2.0/../../../../arm-none-eabi/lib/thumb/v6-m/nofp/libg_nano.a(libc_a-fflush.o)
                                                  /usr/lib/gcc/arm-none-eabi/14.2.0/../../../../arm-none-eabi/lib/thumb/v6-m/nofp/libg_nano.a(libc_a-mlock.o)
                                                  /usr/lib/gcc/arm-none-eabi/14.2.0/../../../../arm-none-eabi/lib/thumb/v6-m/nofp/libg_nano.a(libc_a-__call_atexit.o)
                                                  /usr/lib/gcc/arm-none-eabi/14.2.0/../../../../arm-none-eabi/lib/thumb/v6-m/nofp/libg_nano.a(libc_a-__atexit.o)
                                                  /usr/lib/gcc/arm-none-eabi/14.2.0/../../../../arm-none-eabi/lib/thumb/v6-m/nofp/libg_nano.a(libc_a-findfp.o)
__retarget_lock_try_acquire                       /usr/lib/gcc/arm-none-eabi/14.2.0/../../../../arm-none-eabi/lib/thumb/v6-m/nofp/libg_nano.a(libc_a-lock.o)
__retarget_lock_try_acquire_recursive             /usr/lib/gcc/arm-none-eabi/14.2.0/../../../../arm-none-eabi/lib/thumb/v6-m/nofp/libg_nano.a(libc_a-lock.o)
__sclose                                          /usr/lib/gcc/arm-none-eabi/14.2.0/../../../../arm-none-eabi/lib/thumb/v6-m/nofp/libg_nano.a(libc_a-stdio.o)
                                                  /usr/lib/gcc/arm-none-eabi/14.2.0/../../../../arm-none-eabi/lib/thumb/v6-m/nofp/libg_nano.a(libc_a-findfp.o)
__seofread                                        /usr/lib/gcc/arm-none-eabi/14.2.0/../../../../arm-none-eabi/lib/thumb/v6-m/nofp/libg_nano.a(libc_a-stdio.o)
__sf                                              /usr/lib/gcc/arm-none-eabi/14.2.0/../../../../arm-none-eabi/lib/thumb/v6-m/nofp/libg_nano.a(libc_a-findfp.o)
                                                  /usr/lib/gcc/arm-none-eabi/14.2.0/../../../../arm-none-eabi/lib/thumb/v6-m/nofp/libg_nano.a(libc_a-impure.o)
__sflush_r                                        /usr/lib/gcc/arm-none-eabi/14.2.0/../../../../arm-none-eabi/lib/thumb/v6-m/nofp/libg_nano.a(libc_a-fflush.o)
__sfp                                             /usr/lib/gcc/arm-none-eabi/14.2.0/../../../../arm-none-eabi/lib/thumb/v6-m/nofp/libg_nano.a(libc_a-findfp.o)
__sfp_lock_acquire                                /usr/lib/gcc/arm-none-eabi/14.2.0/../../../../arm-none-eabi/lib/thumb/v6-m/nofp/libg_nano.a(libc_a-findfp.o)
__sfp_lock_release                                /usr/lib/gcc/arm-none-eabi/14.2.0/../../../../arm-none-eabi/lib/thumb/v6-m/nofp/libg_nano.a(libc_a-findfp.o)
__sglue                                           /usr/lib/gcc/arm-none-eabi/14.2.0/../../../../arm-none-eabi/lib/thumb/v6-m/nofp/libg_nano.a(libc_a-findfp.o)
                                                  /usr/lib/gcc/arm-none-eabi/14.2.0/../../../../arm-none-eabi/lib/thumb/v6-m/nofp/libg_nano.a(libc_a-fflush.o)
__sinit                                           /usr/lib/gcc/arm-none-eabi/14.2.0/../../../../arm-none-eabi/lib/thumb/v6-m/nofp/libg_nano.a(libc_a-findfp.o)
                                                  /usr/lib/gcc/arm-none-eabi/14.2.0/../../../../arm-none-eabi/lib/thumb/v6-m/nofp/libg_nano.a(libc_a-fflush.o)
__sread                                           /usr/lib/gcc/arm-none-eabi/14.2.0/../../../../arm-none-eabi/lib/thumb/v6-m/nofp/libg_nano.a(libc_a-stdio.o)
                                                  /usr/lib/gcc/arm-none-eabi/14.2.0/../../../../arm-none-eabi/lib/thumb/v6-m/nofp/libg_nano.a(libc_a-findfp.o)
__sseek                                           /usr/lib/gcc/arm-none-eabi/14.2.0/../../../../arm-none-eabi/lib/thumb/v6-m/nofp/libg_nano.a(libc_a-stdio.o)
                                                  /usr/lib/gcc/arm-none-eabi/14.2.0/../../../../arm-none-eabi/lib/thumb/v6-m/nofp/libg_nano.a(libc_a-findfp.o)
__stack                                           /usr/lib/gcc/arm-none-eabi/14.2.0/../../../../arm-none-eabi/lib/thumb/v6-m/nofp/crt0.o
__stdio_exit_handler                              /usr/lib/gcc/arm-none-eabi/14.2.0/../../../../arm-none-eabi/lib/thumb/v6-m/nofp/libg_nano.a(libc_a-findfp.o)
                                                  /usr/lib/gcc/arm-none-eabi/14.2.0/../../../../arm-none-eabi/lib/thumb/v6-m/nofp/libg_nano.a(libc_a-exit.o)
__swrite                                          /usr/lib/gcc/arm-none-eabi/14.2.0/../../../../arm-none-eabi/lib/thumb/v6-m/nofp/libg_nano.a(libc_a-stdio.o)
                                                  /usr/lib/gcc/arm-none-eabi/14.2.0/../../../../arm-none-eabi/lib/thumb/v6-m/nofp/libg_nano.a(libc_a-findfp.o)
__udivsi3                                         /usr/lib/gcc/arm-none-eabi/14.2.0/thumb/v6-m/nofp/libgcc.a(_udivsi3.o)
_close                                            objdir-CWNANO/hal.o
                                                  /usr/lib/gcc/arm-none-eabi/14.2.0/../../../../arm-none-eabi/lib/thumb/v6-m/nofp/libg_nano.a(libc_a-closer.o)
_close_r                                          /usr/lib/gcc/arm-none-eabi/14.2.0/../../../../arm-none-eabi/lib/thumb/v6-m/nofp/libg_nano.a(libc_a-closer.o)
                                                  /usr/lib/gcc/arm-none-eabi/14.2.0/../../../../arm-none-eabi/lib/thumb/v6-m/nofp/libg_nano.a(libc_a-stdio.o)
_ebss                                             objdir-CWNANO/stm32f0_startup.o
_edata                                            objdir-CWNANO/stm32f0_startup.o
_estack                                           objdir-CWNANO/stm32f0_startup.o
_exit                                             /usr/lib/gcc/arm-none-eabi/14.2.0/../../../../arm-none-eabi/lib/thumb/v6-m/nofp/libnosys.a(_exit.o)
                                                  /usr/lib/gcc/arm-none-eabi/14.2.0/../../../../arm-none-eabi/lib/thumb/v6-m/nofp/libg_nano.a(libc_a-exit.o)
_fflush_r                                         /usr/lib/gcc/arm-none-eabi/14.2.0/../../../../arm-none-eabi/lib/thumb/v6-m/nofp/libg_nano.a(libc_a-fflush.o)
                                                  /usr/lib/gcc/arm-none-eabi/14.2.0/../../../../arm-none-eabi/lib/thumb/v6-m/nofp/libg_nano.a(libc_a-findfp.o)
_fini                                             /usr/lib/gcc/arm-none-eabi/14.2.0/thumb/v6-m/nofp/crti.o
                                                  /usr/lib/gcc/arm-none-eabi/14.2.0/../../../../arm-none-eabi/lib/thumb/v6-m/nofp/libg_nano.a(libc_a-fini.o)
_free_r                                           /usr/lib/gcc/arm-none-eabi/14.2.0/../../../../arm-none-eabi/lib/thumb/v6-m/nofp/libg_nano.a(libc_a-freer.o)
                                                  /usr/lib/gcc/arm-none-eabi/14.2.0/../../../../arm-none-eabi/lib/thumb/v6-m/nofp/libg_nano.a(libc_a-fflush.o)
                                                  /usr/lib/gcc/arm-none-eabi/14.2.0/../../../../arm-none-eabi/lib/thumb/v6-m/nofp/libg_nano.a(libc_a-reent.o)
_fstat                                            objdir-CWNANO/hal.o
_fwalk_sglue                                      /usr/lib/gcc/arm-none-eabi/14.2.0/../../../../arm-none-eabi/lib/thumb/v6-m/nofp/libg_nano.a(libc_a-fwalk.o)
                                                  /usr/lib/gcc/arm-none-eabi/14.2.0/../../../../arm-none-eabi/lib/thumb/v6-m/nofp/libg_nano.a(libc_a-fflush.o)
                                                  /usr/lib/gcc/arm-none-eabi/14.2.0/../../../../arm-none-eabi/lib/thumb/v6-m/nofp/libg_nano.a(libc_a-findfp.o)
_getpid                                           objdir-CWNANO/hal.o
_impure_data                                      /usr/lib/gcc/arm-none-eabi/14.2.0/../../../../arm-none-eabi/lib/thumb/v6-m/nofp/libg_nano.a(libc_a-impure.o)
                                                  /usr/lib/gcc/arm-none-eabi/14.2.0/../../../../arm-none-eabi/lib/thumb/v6-m/nofp/libg_nano.a(libc_a-fflush.o)
                                                  /usr/lib/gcc/arm-none-eabi/14.2.0/../../../../arm-none-eabi/lib/thumb/v6-m/nofp/libg_nano.a(libc_a-findfp.o)
_impure_ptr                                       /usr/lib/gcc/arm-none-eabi/14.2.0/../../../../arm-none-eabi/lib/thumb/v6-m/nofp/libg_nano.a(libc_a-impure.o)
                                                  /usr/lib/gcc/arm-none-eabi/14.2.0/../../../../arm-none-eabi/lib/thumb/v6-m/nofp/libg_nano.a(libc_a-fflush.o)
                                                  /usr/lib/gcc/arm-none-eabi/14.2.0/../../../../arm-none-eabi/lib/thumb/v6-m/nofp/libg_nano.a(libc_a-reent.o)
_init                                             /usr/lib/gcc/arm-none-eabi/14.2.0/thumb/v6-m/nofp/crti.o
                                                  /usr/lib/gcc/arm-none-eabi/14.2.0/../../../../arm-none-eabi/lib/thumb/v6-m/nofp/libg_nano.a(libc_a-init.o)
_isatty                                           objdir-CWNANO/hal.o
_kill                                             objdir-CWNANO/hal.o
_lseek                                            objdir-CWNANO/hal.o
                                                  /usr/lib/gcc/arm-none-eabi/14.2.0/../../../../arm-none-eabi/lib/thumb/v6-m/nofp/libg_nano.a(libc_a-lseekr.o)
_lseek_r                                          /usr/lib/gcc/arm-none-eabi/14.2.0/../../../../arm-none-eabi/lib/thumb/v6-m/nofp/libg_nano.a(libc_a-lseekr.o)
                                                  /usr/lib/gcc/arm-none-eabi/14.2.0/../../../../arm-none-eabi/lib/thumb/v6-m/nofp/libg_nano.a(libc_a-stdio.o)
_mainCRTStartup                                   /usr/lib/gcc/arm-none-eabi/14.2.0/../../../../arm-none-eabi/lib/thumb/v6-m/nofp/crt0.o
_malloc_r                                         /usr/lib/gcc/arm-none-eabi/14.2.0/../../../../arm-none-eabi/lib/thumb/v6-m/nofp/libg_nano.a(libc_a-mallocr.o)
                                                  /usr/lib/gcc/arm-none-eabi/14.2.0/../../../../arm-none-eabi/lib/thumb/v6-m/nofp/libg_nano.a(libc_a-findfp.o)
_read                                             objdir-CWNANO/hal.o
                                                  /usr/lib/gcc/arm-none-eabi/14.2.0/../../../../arm-none-eabi/lib/thumb/v6-m/nofp/libg_nano.a(libc_a-readr.o)
_read_r                                           /usr/lib/gcc/arm-none-eabi/14.2.0/../../../../arm-none-eabi/lib/thumb/v6-m/nofp/libg_nano.a(libc_a-readr.o)
                                                  /usr/lib/gcc/arm-none-eabi/14.2.0/../../../../arm-none-eabi/lib/thumb/v6-m/nofp/libg_nano.a(libc_a-stdio.o)
_reclaim_reent                                    /usr/lib/gcc/arm-none-eabi/14.2.0/../../../../arm-none-eabi/lib/thumb/v6-m/nofp/libg_nano.a(libc_a-reent.o)
_sbrk                                             /usr/lib/gcc/arm-none-eabi/14.2.0/../../../../arm-none-eabi/lib/thumb/v6-m/nofp/libnosys.a(sbrk.o)
                                                  /usr/lib/gcc/arm-none-eabi/14.2.0/../../../../arm-none-eabi/lib/thumb/v6-m/nofp/libg_nano.a(libc_a-sbrkr.o)
_sbrk_r                                           /usr/lib/gcc/arm-none-eabi/14.2.0/../../../../arm-none-eabi/lib/thumb/v6-m/nofp/libg_nano.a(libc_a-sbrkr.o)
                                                  /usr/lib/gcc/arm-none-eabi/14.2.0/../../../../arm-none-eabi/lib/thumb/v6-m/nofp/libg_nano.a(libc_a-mallocr.o)
_sbss                                             objdir-CWNANO/stm32f0_startup.o
_sdata                                            objdir-CWNANO/stm32f0_startup.o
_sidata                                           objdir-CWNANO/stm32f0_startup.o
_stack_init                                       /usr/lib/gcc/arm-none-eabi/14.2.0/../../../../arm-none-eabi/lib/thumb/v6-m/nofp/crt0.o
_start                                            /usr/lib/gcc/arm-none-eabi/14.2.0/../../../../arm-none-eabi/lib/thumb/v6-m/nofp/crt0.o
_write                                            objdir-CWNANO/hal.o
                                                  /usr/lib/gcc/arm-none-eabi/14.2.0/../../../../arm-none-eabi/lib/thumb/v6-m/nofp/libg_nano.a(libc_a-writer.o)
_write_r                                          /usr/lib/gcc/arm-none-eabi/14.2.0/../../../../arm-none-eabi/lib/thumb/v6-m/nofp/libg_nano.a(libc_a-writer.o)
                                                  /usr/lib/gcc/arm-none-eabi/14.2.0/../../../../arm-none-eabi/lib/thumb/v6-m/nofp/libg_nano.a(libc_a-stdio.o)
aes                                               objdir-CWNANO/simpleserial-aes.o
aes_indep_enc                                     objdir-CWNANO/aes-independant.o
                                                  objdir-CWNANO/simpleserial-aes.o
aes_indep_enc_posttrigger                         objdir-CWNANO/aes-independant.o
                                                  objdir-CWNANO/simpleserial-aes.o
aes_indep_enc_pretrigger                          objdir-CWNANO/aes-independant.o
                                                  objdir-CWNANO/simpleserial-aes.o
aes_indep_init                                    objdir-CWNANO/aes-independant.o
                                                  objdir-CWNANO/simpleserial-aes.o
aes_indep_key                                     objdir-CWNANO/aes-independant.o
                                                  objdir-CWNANO/simpleserial-aes.o
aes_indep_mask                                    objdir-CWNANO/aes-independant.o
                                                  objdir-CWNANO/simpleserial-aes.o
atexit                                            /usr/lib/gcc/arm-none-eabi/14.2.0/../../../../arm-none-eabi/lib/thumb/v6-m/nofp/libg_nano.a(libc_a-atexit.o)
                                                  /usr/lib/gcc/arm-none-eabi/14.2.0/../../../../arm-none-eabi/lib/thumb/v6-m/nofp/crt0.o
check_version                                     objdir-CWNANO/simpleserial.o
enc_multi_getpt                                   objdir-CWNANO/simpleserial-aes.o
enc_multi_setnum                                  objdir-CWNANO/simpleserial-aes.o
enckey                                            objdir-CWNANO/aes-independant.o
end                                               /usr/lib/gcc/arm-none-eabi/14.2.0/../../../../arm-none-eabi/lib/thumb/v6-m/nofp/libnosys.a(sbrk.o)
errno                                             /usr/lib/gcc/arm-none-eabi/14.2.0/../../../../arm-none-eabi/lib/thumb/v6-m/nofp/libg_nano.a(libc_a-reent.o)
                                                  /usr/lib/gcc/arm-none-eabi/14.2.0/../../../../arm-none-eabi/lib/thumb/v6-m/nofp/libg_nano.a(libc_a-sbrkr.o)
                                                  /usr/lib/gcc/arm-none-eabi/14.2.0/../../../../arm-none-eabi/lib/thumb/v6-m/nofp/libg_nano.a(libc_a-writer.o)
                                                  /usr/lib/gcc/arm-none-eabi/14.2.0/../../../../arm-none-eabi/lib/thumb/v6-m/nofp/libg_nano.a(libc_a-readr.o)
                                                  /usr/lib/gcc/arm-none-eabi/14.2.0/../../../../arm-none-eabi/lib/thumb/v6-m/nofp/libg_nano.a(libc_a-lseekr.o)
                                                  /usr/lib/gcc/arm-none-eabi/14.2.0/../../../../arm-none-eabi/lib/thumb/v6-m/nofp/libg_nano.a(libc_a-closer.o)
exit                                              /usr/lib/gcc/arm-none-eabi/14.2.0/../../../../arm-none-eabi/lib/thumb/v6-m/nofp/libg_nano.a(libc_a-exit.o)
                                                  /usr/lib/gcc/arm-none-eabi/14.2.0/../../../../arm-none-eabi/lib/thumb/v6-m/nofp/crt0.o
fflush                                            /usr/lib/gcc/arm-none-eabi/14.2.0/../../../../arm-none-eabi/lib/thumb/v6-m/nofp/libg_nano.a(libc_a-fflush.o)
g_pfnVectors                                      objdir-CWNANO/stm32f0_startup.o
get_key                                           objdir-CWNANO/simpleserial-aes.o
get_mask                                          objdir-CWNANO/simpleserial-aes.o
get_pt                                            objdir-CWNANO/simpleserial-aes.o
getch                                             objdir-CWNANO/stm32f0_hal_nano.o
                                                  objdir-CWNANO/simpleserial.o
hardware_init_hook                                /usr/lib/gcc/arm-none-eabi/14.2.0/../../../../arm-none-eabi/lib/thumb/v6-m/nofp/crt0.o
hex_decode                                        objdir-CWNANO/simpleserial.o
init_uart                                         objdir-CWNANO/stm32f0_hal_nano.o
                                                  objdir-CWNANO/simpleserial-aes.o
led_error                                         objdir-CWNANO/stm32f0_hal_nano.o
                                                  objdir-CWNANO/hal.o
led_ok                                            objdir-CWNANO/stm32f0_hal_nano.o
                                                  objdir-CWNANO/hal.o
main                                              objdir-CWNANO/simpleserial-aes.o
                                                  objdir-CWNANO/stm32f0_startup.o
                                                  /usr/lib/gcc/arm-none-eabi/14.2.0/../../../../arm-none-eabi/lib/thumb/v6-m/nofp/crt0.o
malloc                                            /usr/lib/gcc/arm-none-eabi/14.2.0/../../../../arm-none-eabi/lib/thumb/v6-m/nofp/libg_nano.a(libc_a-__atexit.o)
memcpy                                            /usr/lib/gcc/arm-none-eabi/14.2.0/../../../../arm-none-eabi/lib/thumb/v6-m/nofp/libg_nano.a(libc_a-memcpy-stub.o)
                                                  objdir-CWNANO/aes.o
                                                  objdir-CWNANO/simpleserial-aes.o
memset                                            /usr/lib/gcc/arm-none-eabi/14.2.0/../../../../arm-none-eabi/lib/thumb/v6-m/nofp/libg_nano.a(libc_a-memset.o)
                                                  /usr/lib/gcc/arm-none-eabi/14.2.0/../../../../arm-none-eabi/lib/thumb/v6-m/nofp/libg_nano.a(libc_a-findfp.o)
                                                  /usr/lib/gcc/arm-none-eabi/14.2.0/../../../../arm-none-eabi/lib/thumb/v6-m/nofp/crt0.o
platform_init                                     objdir-CWNANO/stm32f0_hal_nano.o
                                                  objdir-CWNANO/simpleserial-aes.o
putch                                             objdir-CWNANO/stm32f0_hal_nano.o
                                                  objdir-CWNANO/simpleserial.o
reset                                             objdir-CWNANO/simpleserial-aes.o
rsbox                                             objdir-CWNANO/aes.o
sbox                                              objdir-CWNANO/aes.o
simpleserial_addcmd                               objdir-CWNANO/simpleserial.o
                                                  objdir-CWNANO/simpleserial-aes.o
simpleserial_get                                  objdir-CWNANO/simpleserial.o
                                                  objdir-CWNANO/simpleserial-aes.o
simpleserial_init                                 objdir-CWNANO/simpleserial.o
                                                  objdir-CWNANO/simpleserial-aes.o
simpleserial_put                                  objdir-CWNANO/simpleserial.o
                                                  objdir-CWNANO/simpleserial-aes.o
software_init_hook                                /usr/lib/gcc/arm-none-eabi/14.2.0/../../../../arm-none-eabi/lib/thumb/v6-m/nofp/crt0.o
ss_crc                                            objdir-CWNANO/simpleserial.o
ss_get_commands                                   objdir-CWNANO/simpleserial.o
ss_puts                                           objdir-CWNANO/simpleserial.o
stuff_data                                        objdir-CWNANO/simpleserial.o
trigger_high                                      objdir-CWNANO/stm32f0_hal_nano.o
                                                  objdir-CWNANO/simpleserial-aes.o
trigger_low                                       objdir-CWNANO/stm32f0_hal_nano.o
                                                  objdir-CWNANO/simpleserial-aes.o
trigger_setup                                     objdir-CWNANO/stm32f0_hal_nano.o
                                                  objdir-CWNANO/simpleserial-aes.o
unstuff_data                                      objdir-CWNANO/simpleserial.o
