Archive member included to satisfy reference by file (symbol)

/usr/lib/gcc/arm-none-eabi/14.2.0/thumb/v6-m/nofp/libgcc.a(_thumb1_case_uqi.o)
                              objdir-CWNANO/stm32f0_hal_lowlevel.o (__gnu_thumb1_case_uqi)
/usr/lib/gcc/arm-none-eabi/14.2.0/thumb/v6-m/nofp/libgcc.a(_udivsi3.o)
                              objdir-CWNANO/stm32f0_hal_lowlevel.o (__aeabi_uidiv)
/usr/lib/gcc/arm-none-eabi/14.2.0/thumb/v6-m/nofp/libgcc.a(_dvmd_tls.o)
                              /usr/lib/gcc/arm-none-eabi/14.2.0/thumb/v6-m/nofp/libgcc.a(_udivsi3.o) (__aeabi_idiv0)
/usr/lib/gcc/arm-none-eabi/14.2.0/../../../../arm-none-eabi/lib/thumb/v6-m/nofp/libg_nano.a(libc_a-atexit.o)
                              /usr/lib/gcc/arm-none-eabi/14.2.0/../../../../arm-none-eabi/lib/thumb/v6-m/nofp/crt0.o (atexit)
/usr/lib/gcc/arm-none-eabi/14.2.0/../../../../arm-none-eabi/lib/thumb/v6-m/nofp/libg_nano.a(libc_a-exit.o)
                              /usr/lib/gcc/arm-none-eabi/14.2.0/../../../../arm-none-eabi/lib/thumb/v6-m/nofp/crt0.o (exit)
/usr/lib/gcc/arm-none-eabi/14.2.0/../../../../arm-none-eabi/lib/thumb/v6-m/nofp/libg_nano.a(libc_a-findfp.o)
                              /usr/lib/gcc/arm-none-eabi/14.2.0/../../../../arm-none-eabi/lib/thumb/v6-m/nofp/libg_nano.a(libc_a-exit.o) (__stdio_exit_handler)
/usr/lib/gcc/arm-none-eabi/14.2.0/../../../../arm-none-eabi/lib/thumb/v6-m/nofp/libg_nano.a(libc_a-fwalk.o)
                              /usr/lib/gcc/arm-none-eabi/14.2.0/../../../../arm-none-eabi/lib/thumb/v6-m/nofp/libg_nano.a(libc_a-findfp.o) (_fwalk_sglue)
/usr/lib/gcc/arm-none-eabi/14.2.0/../../../../arm-none-eabi/lib/thumb/v6-m/nofp/libg_nano.a(libc_a-stdio.o)
                              /usr/lib/gcc/arm-none-eabi/14.2.0/../../../../arm-none-eabi/lib/thumb/v6-m/nofp/libg_nano.a(libc_a-findfp.o) (__sread)
/usr/lib/gcc/arm-none-eabi/14.2.0/../../../../arm-none-eabi/lib/thumb/v6-m/nofp/libg_nano.a(libc_a-memset.o)
                              /usr/lib/gcc/arm-none-eabi/14.2.0/../../../../arm-none-eabi/lib/thumb/v6-m/nofp/crt0.o (memset)
/usr/lib/gcc/arm-none-eabi/14.2.0/../../../../arm-none-eabi/lib/thumb/v6-m/nofp/libg_nano.a(libc_a-closer.o)
                              /usr/lib/gcc/arm-none-eabi/14.2.0/../../../../arm-none-eabi/lib/thumb/v6-m/nofp/libg_nano.a(libc_a-stdio.o) (_close_r)
/usr/lib/gcc/arm-none-eabi/14.2.0/../../../../arm-none-eabi/lib/thumb/v6-m/nofp/libg_nano.a(libc_a-reent.o)
                              /usr/lib/gcc/arm-none-eabi/14.2.0/../../../../arm-none-eabi/lib/thumb/v6-m/nofp/libg_nano.a(libc_a-closer.o) (errno)
/usr/lib/gcc/arm-none-eabi/14.2.0/../../../../arm-none-eabi/lib/thumb/v6-m/nofp/libg_nano.a(libc_a-impure.o)
                              /usr/lib/gcc/arm-none-eabi/14.2.0/../../../../arm-none-eabi/lib/thumb/v6-m/nofp/libg_nano.a(libc_a-reent.o) (_impure_ptr)
/usr/lib/gcc/arm-none-eabi/14.2.0/../../../../arm-none-eabi/lib/thumb/v6-m/nofp/libg_nano.a(libc_a-lseekr.o)
                              /usr/lib/gcc/arm-none-eabi/14.2.0/../../../../arm-none-eabi/lib/thumb/v6-m/nofp/libg_nano.a(libc_a-stdio.o) (_lseek_r)
/usr/lib/gcc/arm-none-eabi/14.2.0/../../../../arm-none-eabi/lib/thumb/v6-m/nofp/libg_nano.a(libc_a-readr.o)
                              /usr/lib/gcc/arm-none-eabi/14.2.0/../../../../arm-none-eabi/lib/thumb/v6-m/nofp/libg_nano.a(libc_a-stdio.o) (_read_r)
/usr/lib/gcc/arm-none-eabi/14.2.0/../../../../arm-none-eabi/lib/thumb/v6-m/nofp/libg_nano.a(libc_a-writer.o)
                              /usr/lib/gcc/arm-none-eabi/14.2.0/../../../../arm-none-eabi/lib/thumb/v6-m/nofp/libg_nano.a(libc_a-stdio.o) (_write_r)
/usr/lib/gcc/arm-none-eabi/14.2.0/../../../../arm-none-eabi/lib/thumb/v6-m/nofp/libg_nano.a(libc_a-init.o)
                              /usr/lib/gcc/arm-none-eabi/14.2.0/../../../../arm-none-eabi/lib/thumb/v6-m/nofp/crt0.o (__libc_init_array)
/usr/lib/gcc/arm-none-eabi/14.2.0/../../../../arm-none-eabi/lib/thumb/v6-m/nofp/libg_nano.a(libc_a-fini.o)
                              /usr/lib/gcc/arm-none-eabi/14.2.0/../../../../arm-none-eabi/lib/thumb/v6-m/nofp/crt0.o (__libc_fini_array)
/usr/lib/gcc/arm-none-eabi/14.2.0/../../../../arm-none-eabi/lib/thumb/v6-m/nofp/libg_nano.a(libc_a-lock.o)
                              /usr/lib/gcc/arm-none-eabi/14.2.0/../../../../arm-none-eabi/lib/thumb/v6-m/nofp/libg_nano.a(libc_a-findfp.o) (__retarget_lock_init_recursive)
/usr/lib/gcc/arm-none-eabi/14.2.0/../../../../arm-none-eabi/lib/thumb/v6-m/nofp/libg_nano.a(libc_a-memcpy-stub.o)
                              objdir-CWNANO/simpleserial-glitch.o (memcpy)
/usr/lib/gcc/arm-none-eabi/14.2.0/../../../../arm-none-eabi/lib/thumb/v6-m/nofp/libg_nano.a(libc_a-__atexit.o)
                              /usr/lib/gcc/arm-none-eabi/14.2.0/../../../../arm-none-eabi/lib/thumb/v6-m/nofp/libg_nano.a(libc_a-atexit.o) (__register_exitproc)
/usr/lib/gcc/arm-none-eabi/14.2.0/../../../../arm-none-eabi/lib/thumb/v6-m/nofp/libg_nano.a(libc_a-__call_atexit.o)
[...]
Memory Configuration

Name             Origin             Length             Attributes
RAM              0x20000000         0x00001000         xrw
ROM              0x08000000         0x00008000         xr
*default*        0x00000000         0xffffffff

Linker script and memory map

LOAD /usr/lib/gcc/arm-none-eabi/14.2.0/thumb/v6-m/nofp/crti.o
LOAD /usr/lib/gcc/arm-none-eabi/14.2.0/thumb/v6-m/nofp/crtbegin.o
LOAD /usr/lib/gcc/arm-none-eabi/14.2.0/../../../../arm-none-eabi/lib/thumb/v6-m/nofp/crt0.o
LOAD objdir-CWNANO/simpleserial-glitch.o
LOAD objdir-CWNANO/simpleserial.o
LOAD objdir-CWNANO/hal.o
LOAD objdir-CWNANO/stm32f0_hal_nano.o
LOAD objdir-CWNANO/stm32f0_hal_lowlevel.o
LOAD objdir-CWNANO/stm32f0_startup.o
LOAD /usr/lib/gcc/arm-none-eabi/14.2.0/../../../../arm-none-eabi/lib/thumb/v6-m/nofp/libm.a
LOAD /usr/lib/gcc/arm-none-eabi/14.2.0/../../../../arm-none-eabi/lib/thumb/v6-m/nofp/libm.a
START GROUP
LOAD /usr/lib/gcc/arm-none-eabi/14.2.0/thumb/v6-m/nofp/libgcc.a
LOAD /usr/lib/gcc/arm-none-eabi/14.2.0/../../../../arm-none-eabi/lib/thumb/v6-m/nofp/libg_nano.a
LOAD /usr/lib/gcc/arm-none-eabi/14.2.0/../../../../arm-none-eabi/lib/thumb/v6-m/nofp/libc_nano.a
END GROUP
START GROUP
LOAD /usr/lib/gcc/arm-none-eabi/14.2.0/thumb/v6-m/nofp/libgcc.a
LOAD /usr/lib/gcc/arm-none-eabi/14.2.0/../../../../arm-none-eabi/lib/thumb/v6-m/nofp/libc_nano.a
LOAD /usr/lib/gcc/arm-none-eabi/14.2.0/../../../../arm-none-eabi/lib/thumb/v6-m/nofp/libnosys.a
END GROUP
START GROUP
LOAD /usr/lib/gcc/arm-none-eabi/14.2.0/thumb/v6-m/nofp/libgcc.a
LOAD /usr/lib/gcc/arm-none-eabi/14.2.0/../../../../arm-none-eabi/lib/thumb/v6-m/nofp/libc_nano.a
LOAD /usr/lib/gcc/arm-none-eabi/14.2.0/../../../../arm-none-eabi/lib/thumb/v6-m/nofp/libnosys.a
END GROUP
LOAD /usr/lib/gcc/arm-none-eabi/14.2.0/thumb/v6-m/nofp/crtend.o
LOAD /usr/lib/gcc/arm-none-eabi/14.2.0/thumb/v6-m/nofp/crtn.o
                0x20001000                        _estack = 0x20001000
                0x00000000                        _Min_Heap_Size = 0x0
                0x00000400                        _Min_Stack_Size = 0x400

.isr_vector     0x08000000      0x188
                0x08000000                        . = ALIGN (0x4)
 *(.isr_vector)
 .isr_vector    0x08000000      0x188 objdir-CWNANO/stm32f0_startup.o
                0x08000000                g_pfnVectors
                0x08000188                        . = ALIGN (0x4)

.text           0x08000188     0x11e8
                0x08000188                        . = ALIGN (0x4)
 *(.text)
 .text          0x08000188       0x14 /usr/lib/gcc/arm-none-eabi/14.2.0/thumb/v6-m/nofp/libgcc.a(_thumb1_case_uqi.o)
                0x08000188                __gnu_thumb1_case_uqi
 .text          0x0800019c       0x8c /usr/lib/gcc/arm-none-eabi/14.2.0/thumb/v6-m/nofp/libgcc.a(_udivsi3.o)
                0x0800019c                __udivsi3
                0x0800019c                __aeabi_uidiv
                0x08000214                __aeabi_uidivmod
 .text          0x08000228        0x4 /usr/lib/gcc/arm-none-eabi/14.2.0/thumb/v6-m/nofp/libgcc.a(_dvmd_tls.o)
                0x08000228                __aeabi_ldiv0
                0x08000228                __aeabi_idiv0
 *(.text*)
 .text.__do_global_dtors_aux
                0x0800022c       0x28 /usr/lib/gcc/arm-none-eabi/14.2.0/thumb/v6-m/nofp/crtbegin.o
 .text.frame_dummy
                0x08000254       0x20 /usr/lib/gcc/arm-none-eabi/14.2.0/thumb/v6-m/nofp/crtbegin.o
 .text.glitch_loop
                0x08000274       0x58 objdir-CWNANO/simpleserial-glitch.o
                0x08000274                glitch_loop
 .text.glitch_comparison
                0x080002cc       0x2c objdir-CWNANO/simpleserial-glitch.o
                0x080002cc                glitch_comparison
 .text.password
                0x080002f8       0x58 objdir-CWNANO/simpleserial-glitch.o
                0x080002f8                password
 .text.infinite_loop
                0x08000350       0xca objdir-CWNANO/simpleserial-glitch.o
                0x08000350                infinite_loop
 *fill*         0x0800041a        0x2 
 .text.startup.main
                0x0800041c       0x8c objdir-CWNANO/simpleserial-glitch.o
                0x0800041c                main
 .text.ss_crc   0x080004a8       0x30 objdir-CWNANO/simpleserial.o
                0x080004a8                ss_crc
 .text.stuff_data
                0x080004d8       0x24 objdir-CWNANO/simpleserial.o
                0x080004d8                stuff_data
 .text.unstuff_data
                0x080004fc       0x22 objdir-CWNANO/simpleserial.o
                0x080004fc                unstuff_data
 *fill*         0x0800051e        0x2 
 .text.simpleserial_addcmd
                0x08000520       0x3c objdir-CWNANO/simpleserial.o
                0x08000520                simpleserial_addcmd
 .text.simpleserial_init
                0x0800055c       0x20 objdir-CWNANO/simpleserial.o
                0x0800055c                simpleserial_init
 .text.simpleserial_put
                0x0800057c       0x52 objdir-CWNANO/simpleserial.o
                0x0800057c                simpleserial_put
 .text.check_version
                0x080005ce       0x16 objdir-CWNANO/simpleserial.o
                0x080005ce                check_version
 .text.ss_get_commands
                0x080005e4       0x3c objdir-CWNANO/simpleserial.o
                0x080005e4                ss_get_commands
 .text.simpleserial_get
                0x08000620       0xd4 objdir-CWNANO/simpleserial.o
                0x08000620                simpleserial_get
 .text.platform_init
                0x080006f4       0x58 objdir-CWNANO/stm32f0_hal_nano.o
                0x080006f4                platform_init
 .text.init_uart
                0x0800074c       0x80 objdir-CWNANO/stm32f0_hal_nano.o
                0x0800074c                init_uart
 .text.trigger_setup
                0x080007cc       0x88 objdir-CWNANO/stm32f0_hal_nano.o
                0x080007cc                trigger_setup
 .text.trigger_high
                0x08000854       0x10 objdir-CWNANO/stm32f0_hal_nano.o
                0x08000854                trigger_high
 .text.trigger_low
                0x08000864       0x10 objdir-CWNANO/stm32f0_hal_nano.o
                0x08000864                trigger_low
 .text.getch    0x08000874       0x30 objdir-CWNANO/stm32f0_hal_nano.o
                0x08000874                getch
 .text.putch    0x080008a4       0x1c objdir-CWNANO/stm32f0_hal_nano.o
                0x080008a4                putch
 .text.led_error
                0x080008c0       0x10 objdir-CWNANO/stm32f0_hal_nano.o
                0x080008c0                led_error
 .text.led_ok   0x080008d0       0x10 objdir-CWNANO/stm32f0_hal_nano.o
                0x080008d0                led_ok
 .text.HAL_GetTick
                0x080008e0       0x10 objdir-CWNANO/stm32f0_hal_lowlevel.o
                0x080008e0                HAL_GetTick
 .text.HAL_RCC_OscConfig
                0x080008f0      0x3bc objdir-CWNANO/stm32f0_hal_lowlevel.o
                0x080008f0                HAL_RCC_OscConfig
 .text.HAL_RCC_ClockConfig
                0x08000cac      0x114 objdir-CWNANO/stm32f0_hal_lowlevel.o
                0x08000cac                HAL_RCC_ClockConfig
 .text.HAL_GPIO_Init
                0x08000dc0      0x164 objdir-CWNANO/stm32f0_hal_lowlevel.o
                0x08000dc0                HAL_GPIO_Init
 .text.HAL_GPIO_WritePin
                0x08000f24        0xc objdir-CWNANO/stm32f0_hal_lowlevel.o
                0x08000f24                HAL_GPIO_WritePin
 .text.UART_WaitOnFlagUntilTimeout
                0x08000f30       0x64 objdir-CWNANO/stm32f0_hal_lowlevel.o
                0x08000f30                UART_WaitOnFlagUntilTimeout
 .text.UART_SetConfig
                0x08000f94      0x100 objdir-CWNANO/stm32f0_hal_lowlevel.o
                0x08000f94                UART_SetConfig
 .text.HAL_UART_Init
                0x08001094       0x64 objdir-CWNANO/stm32f0_hal_lowlevel.o
                0x08001094                HAL_UART_Init
 .text.HAL_UART_Receive
                0x080010f8       0xec objdir-CWNANO/stm32f0_hal_lowlevel.o
                0x080010f8                HAL_UART_Receive
 .text.HAL_UART_Transmit
                0x080011e4       0xcc objdir-CWNANO/stm32f0_hal_lowlevel.o
                0x080011e4                HAL_UART_Transmit
 .text.Reset_Handler
                0x080012b0       0x48 objdir-CWNANO/stm32f0_startup.o
                0x080012b0                Reset_Handler
 .text.Default_Handler
                0x080012f8        0x2 objdir-CWNANO/stm32f0_startup.o
                0x080012f8                DebugMon_Handler
                0x080012f8                HardFault_Handler
                0x080012f8                SysTick_Handler
                0x080012f8                PendSV_Handler
                0x080012f8                NMI_Handler
                0x080012f8                UsageFault_Handler
                0x080012f8                Default_Handler
                0x080012f8                MemManage_Handler
                0x080012f8                SVC_Handler
                0x080012f8                BusFault_Handler
 *fill*         0x080012fa        0x2 
 .text.__libc_init_array
                0x080012fc       0x48 /usr/lib/gcc/arm-none-eabi/14.2.0/../../../../arm-none-eabi/lib/thumb/v6-m/nofp/libg_nano.a(libc_a-init.o)
                0x080012fc                __libc_init_array
 .text.memcpy   0x08001344       0x12 /usr/lib/gcc/arm-none-eabi/14.2.0/../../../../arm-none-eabi/lib/thumb/v6-m/nofp/libg_nano.a(libc_a-memcpy-stub.o)
                0x08001344                memcpy
 *(.glue_7)
 .glue_7        0x08001356        0x0 linker stubs
 *(.glue_7t)
 .glue_7t       0x08001356        0x0 linker stubs
 *(.eh_frame)
 *fill*         0x08001356        0x2 
 .eh_frame      0x08001358        0x0 /usr/lib/gcc/arm-none-eabi/14.2.0/thumb/v6-m/nofp/crtbegin.o
 *(.init)
 .init          0x08001358        0x4 /usr/lib/gcc/arm-none-eabi/14.2.0/thumb/v6-m/nofp/crti.o
                0x08001358                _init
 .init          0x0800135c        0x8 /usr/lib/gcc/arm-none-eabi/14.2.0/thumb/v6-m/nofp/crtn.o
 *(.fini)
 .fini          0x08001364        0x4 /usr/lib/gcc/arm-none-eabi/14.2.0/thumb/v6-m/nofp/crti.o
                0x08001364                _fini
 .fini          0x08001368        0x8 /usr/lib/gcc/arm-none-eabi/14.2.0/thumb/v6-m/nofp/crtn.o
                0x08001370                        . = ALIGN (0x4)
                0x08001370                        _etext = .

.vfp11_veneer   0x08001370        0x0
 .vfp11_veneer  0x08001370        0x0 linker stubs

.v4_bx          0x08001370        0x0
 .v4_bx         0x08001370        0x0 linker stubs

.iplt           0x08001370        0x0
 .iplt          0x08001370        0x0 /usr/lib/gcc/arm-none-eabi/14.2.0/thumb/v6-m/nofp/crtbegin.o

.rodata         0x08001370        0xc
                0x08001370                        . = ALIGN (0x4)
 *(.rodata)
 .rodata        0x08001370        0x3 objdir-CWNANO/stm32f0_hal_lowlevel.o
 *(.rodata*)
 .rodata.str1.1
                0x08001373        0x6 objdir-CWNANO/simpleserial-glitch.o
                0x0800137c                        . = ALIGN (0x4)
 *fill*         0x08001379        0x3 

.rel.dyn        0x0800137c        0x0
 .rel.iplt      0x0800137c        0x0 /usr/lib/gcc/arm-none-eabi/14.2.0/thumb/v6-m/nofp/crtbegin.o

.ARM.extab      0x0800137c        0x0
                0x0800137c                        . = ALIGN (0x4)
 *(.ARM.extab* .gnu.linkonce.armextab.*)
                0x0800137c                        . = ALIGN (0x4)

.ARM            0x0800137c        0x0
                0x0800137c                        . = ALIGN (0x4)
                0x0800137c                        __exidx_start = .
 *(.ARM.exidx*)
                0x0800137c                        __exidx_end = .
                0x0800137c                        . = ALIGN (0x4)

.preinit_array  0x0800137c        0x0
                0x0800137c                        . = ALIGN (0x4)
                0x0800137c                        PROVIDE (__preinit_array_start = .)
 *(.preinit_array*)
                0x0800137c                        PROVIDE (__preinit_array_end = .)
                0x0800137c                        . = ALIGN (0x4)

.init_array     0x0800137c        0x4
                0x0800137c                        . = ALIGN (0x4)
                0x0800137c                        PROVIDE (__init_array_start = .)
 *(SORT_BY_NAME(.init_array.*))
 *(.init_array*)
 .init_array    0x0800137c        0x4 /usr/lib/gcc/arm-none-eabi/14.2.0/thumb/v6-m/nofp/crtbegin.o
                0x08001380                        PROVIDE (__init_array_end = .)
                0x08001380                        . = ALIGN (0x4)

.fini_array     0x08001380        0x4
                0x08001380                        . = ALIGN (0x4)
                0x08001380                        PROVIDE (__fini_array_start = .)
 *(SORT_BY_NAME(.fini_array.*))
 *(.fini_array*)
 .fini_array    0x08001380        0x4 /usr/lib/gcc/arm-none-eabi/14.2.0/thumb/v6-m/nofp/crtbegin.o
                0x08001384                        PROVIDE (__fini_array_end = .)
                0x08001384                        . = ALIGN (0x4)
                0x08001384                        _sidata = LOADADDR (.data)

.data           0x20000000        0x4 load address 0x08001384
                0x20000000                        . = ALIGN (0x4)
                0x20000000                        _sdata = .
 *(.data)
 .data          0x20000000        0x4 objdir-CWNANO/stm32f0_hal_lowlevel.o
                0x20000000                SystemCoreClock
 *(.data*)
                0x20000004                        . = ALIGN (0x4)
                0x20000004                        _edata = .

.igot.plt       0x20000004        0x0 load address 0x08001388
 .igot.plt      0x20000004        0x0 /usr/lib/gcc/arm-none-eabi/14.2.0/thumb/v6-m/nofp/crtbegin.o
                0x20000004                        . = ALIGN (0x4)

.bss            0x20000004      0x214 load address 0x08001388
                0x20000004                        _sbss = .
                0x20000004                        __bss_start__ = _sbss
 *(.bss)
 .bss           0x20000004      0x184 objdir-CWNANO/simpleserial.o
 .bss           0x20000188       0x70 objdir-CWNANO/stm32f0_hal_nano.o
                0x20000188                UartHandle
 .bss           0x200001f8        0x4 objdir-CWNANO/stm32f0_hal_lowlevel.o
 *(.bss*)
 .bss.completed.1
                0x200001fc        0x1 /usr/lib/gcc/arm-none-eabi/14.2.0/thumb/v6-m/nofp/crtbegin.o
 *fill*         0x200001fd        0x3 
 .bss.object.0  0x20000200       0x18 /usr/lib/gcc/arm-none-eabi/14.2.0/thumb/v6-m/nofp/crtbegin.o
 *(COMMON)
                0x20000218                        . = ALIGN (0x4)
                0x20000218                        _ebss = .
                0x20000218                        __bss_end__ = _ebss

._user_heap_stack
                0x20000218      0x400 load address 0x08001388
                0x20000218                        . = ALIGN (0x8)
                0x20000218                        PROVIDE (end = .)
                [!provide]                        PROVIDE (_end = .)
                0x20000218                        . = (. + _Min_Heap_Size)
                0x20000618                        . = (. + _Min_Stack_Size)
 *fill*         0x20000218      0x400 
                0x20000618                        . = ALIGN (0x8)

/DISCARD/
 libc.a(*)
 libm.a(*)
 libgcc.a(*)

.ARM.attributes
                0x00000000       0x28
 *(.ARM.attributes)
 .ARM.attributes
                0x00000000       0x1e /usr/lib/gcc/arm-none-eabi/14.2.0/thumb/v6-m/nofp/crti.o
 .ARM.attributes
                0x0000001e       0x2c /usr/lib/gcc/arm-none-eabi/14.2.0/thumb/v6-m/nofp/crtbegin.o
 .ARM.attributes
                0x0000004a       0x2c objdir-CWNANO/simpleserial-glitch.o
 .ARM.attributes
                0x00000076       0x2c objdir-CWNANO/simpleserial.o
 .ARM.attributes
                0x000000a2       0x2c objdir-CWNANO/stm32f0_hal_nano.o
 .ARM.attributes
                0x000000ce       0x2c objdir-CWNANO/stm32f0_hal_lowlevel.o
 .ARM.attributes
                0x000000fa       0x21 objdir-CWNANO/stm32f0_startup.o
 .ARM.attributes
                0x0000011b       0x1e /usr/lib/gcc/arm-none-eabi/14.2.0/thumb/v6-m/nofp/libgcc.a(_thumb1_case_uqi.o)
 .ARM.attributes
                0x00000139       0x1e /usr/lib/gcc/arm-none-eabi/14.2.0/thumb/v6-m/nofp/libgcc.a(_udivsi3.o)
 .ARM.attributes
                0x00000157       0x1e /usr/lib/gcc/arm-none-eabi/14.2.0/thumb/v6-m/nofp/libgcc.a(_dvmd_tls.o)
 .ARM.attributes
                0x00000175       0x2c /usr/lib/gcc/arm-none-eabi/14.2.0/../../../../arm-none-eabi/lib/thumb/v6-m/nofp/libg_nano.a(libc_a-init.o)
 .ARM.attributes
                0x000001a1       0x2c /usr/lib/gcc/arm-none-eabi/14.2.0/../../../../arm-none-eabi/lib/thumb/v6-m/nofp/libg_nano.a(libc_a-memcpy-stub.o)
 .ARM.attributes
                0x000001cd       0x1e /usr/lib/gcc/arm-none-eabi/14.2.0/thumb/v6-m/nofp/crtn.o
OUTPUT(simpleserial-glitch-CWNANO.elf elf32-littlearm)
LOAD linker stubs
LOAD /usr/lib/gcc/arm-none-eabi/14.2.0/../../../../arm-none-eabi/lib/thumb/v6-m/nofp/libc.a
LOAD /usr/lib/gcc/arm-none-eabi/14.2.0/../../../../arm-none-eabi/lib/thumb/v6-m/nofp/libm.a
LOAD /usr/lib/gcc/arm-none-eabi/14.2.0/thumb/v6-m/nofp/libgcc.a

.debug_info     0x00000000     0x37ec
 .debug_info    0x00000000      0x898 objdir-CWNANO/simpleserial-glitch.o
 .debug_info    0x00000898      0x7fc objdir-CWNANO/simpleserial.o
 .debug_info    0x00001094      0xf87 objdir-CWNANO/stm32f0_hal_nano.o
 .debug_info    0x0000201b     0x1501 objdir-CWNANO/stm32f0_hal_lowlevel.o
 .debug_info    0x0000351c       0x31 /usr/lib/gcc/arm-none-eabi/14.2.0/thumb/v6-m/nofp/libgcc.a(_thumb1_case_uqi.o)
 .debug_info    0x0000354d       0x3d /usr/lib/gcc/arm-none-eabi/14.2.0/thumb/v6-m/nofp/libgcc.a(_udivsi3.o)
 .debug_info    0x0000358a       0x3c /usr/lib/gcc/arm-none-eabi/14.2.0/thumb/v6-m/nofp/libgcc.a(_dvmd_tls.o)
 .debug_info    0x000035c6      0x10b /usr/lib/gcc/arm-none-eabi/14.2.0/../../../../arm-none-eabi/lib/thumb/v6-m/nofp/libg_nano.a(libc_a-init.o)
 .debug_info    0x000036d1      0x11b /usr/lib/gcc/arm-none-eabi/14.2.0/../../../../arm-none-eabi/lib/thumb/v6-m/nofp/libg_nano.a(libc_a-memcpy-stub.o)

.debug_abbrev   0x00000000      0xaf8
 .debug_abbrev  0x00000000      0x16b objdir-CWNANO/simpleserial-glitch.o
 .debug_abbrev  0x0000016b      0x221 objdir-CWNANO/simpleserial.o
 .debug_abbrev  0x0000038c      0x225 objdir-CWNANO/stm32f0_hal_nano.o
 .debug_abbrev  0x000005b1      0x347 objdir-CWNANO/stm32f0_hal_lowlevel.o
 .debug_abbrev  0x000008f8       0x28 /usr/lib/gcc/arm-none-eabi/14.2.0/thumb/v6-m/nofp/libgcc.a(_thumb1_case_uqi.o)
 .debug_abbrev  0x00000920       0x28 /usr/lib/gcc/arm-none-eabi/14.2.0/thumb/v6-m/nofp/libgcc.a(_udivsi3.o)
 .debug_abbrev  0x00000948       0x26 /usr/lib/gcc/arm-none-eabi/14.2.0/thumb/v6-m/nofp/libgcc.a(_dvmd_tls.o)
 .debug_abbrev  0x0000096e       0xc9 /usr/lib/gcc/arm-none-eabi/14.2.0/../../../../arm-none-eabi/lib/thumb/v6-m/nofp/libg_nano.a(libc_a-init.o)
 .debug_abbrev  0x00000a37       0xc1 /usr/lib/gcc/arm-none-eabi/14.2.0/../../../../arm-none-eabi/lib/thumb/v6-m/nofp/libg_nano.a(libc_a-memcpy-stub.o)

.debug_loc      0x00000000     0x21cd
 .debug_loc     0x00000000      0x3b5 objdir-CWNANO/simpleserial-glitch.o
 .debug_loc     0x000003b5      0x9e5 objdir-CWNANO/simpleserial.o
 .debug_loc     0x00000d9a      0x1d4 objdir-CWNANO/stm32f0_hal_nano.o
 .debug_loc     0x00000f6e     0x125f objdir-CWNANO/stm32f0_hal_lowlevel.o

.debug_aranges  0x00000000      0x240
 .debug_aranges
                0x00000000       0x40 objdir-CWNANO/simpleserial-glitch.o
 .debug_aranges
                0x00000040       0x70 objdir-CWNANO/simpleserial.o
 .debug_aranges
                0x000000b0       0x60 objdir-CWNANO/stm32f0_hal_nano.o
 .debug_aranges
                0x00000110       0x90 objdir-CWNANO/stm32f0_hal_lowlevel.o
 .debug_aranges
                0x000001a0       0x20 /usr/lib/gcc/arm-none-eabi/14.2.0/thumb/v6-m/nofp/libgcc.a(_thumb1_case_uqi.o)
 .debug_aranges
                0x000001c0       0x20 /usr/lib/gcc/arm-none-eabi/14.2.0/thumb/v6-m/nofp/libgcc.a(_udivsi3.o)
 .debug_aranges
                0x000001e0       0x20 /usr/lib/gcc/arm-none-eabi/14.2.0/thumb/v6-m/nofp/libgcc.a(_dvmd_tls.o)
 .debug_aranges
                0x00000200       0x20 /usr/lib/gcc/arm-none-eabi/14.2.0/../../../../arm-none-eabi/lib/thumb/v6-m/nofp/libg_nano.a(libc_a-init.o)
 .debug_aranges
                0x00000220       0x20 /usr/lib/gcc/arm-none-eabi/14.2.0/../../../../arm-none-eabi/lib/thumb/v6-m/nofp/libg_nano.a(libc_a-memcpy-stub.o)

.debug_ranges   0x00000000      0x2d0
 .debug_ranges  0x00000000       0x30 objdir-CWNANO/simpleserial-glitch.o
 .debug_ranges  0x00000030       0xe8 objdir-CWNANO/simpleserial.o
 .debug_ranges  0x00000118       0xc0 objdir-CWNANO/stm32f0_hal_nano.o
 .debug_ranges  0x000001d8       0xf8 objdir-CWNANO/stm32f0_hal_lowlevel.o

.debug_line     0x00000000     0x231b
 .debug_line    0x00000000      0x2ba objdir-CWNANO/simpleserial-glitch.o
 .debug_line    0x000002ba      0x654 objdir-CWNANO/simpleserial.o
 .debug_line    0x0000090e      0x49e objdir-CWNANO/stm32f0_hal_nano.o
 .debug_line    0x00000dac     0x11c9 objdir-CWNANO/stm32f0_hal_lowlevel.o
 .debug_line    0x00001f75       0x52 /usr/lib/gcc/arm-none-eabi/14.2.0/thumb/v6-m/nofp/libgcc.a(_thumb1_case_uqi.o)
 .debug_line    0x00001fc7       0x61 /usr/lib/gcc/arm-none-eabi/14.2.0/thumb/v6-m/nofp/libgcc.a(_udivsi3.o)
 .debug_line    0x00002028       0x4a /usr/lib/gcc/arm-none-eabi/14.2.0/thumb/v6-m/nofp/libgcc.a(_dvmd_tls.o)
 .debug_line    0x00002072      0x119 /usr/lib/gcc/arm-none-eabi/14.2.0/../../../../arm-none-eabi/lib/thumb/v6-m/nofp/libg_nano.a(libc_a-init.o)
 .debug_line    0x0000218b      0x190 /usr/lib/gcc/arm-none-eabi/14.2.0/../../../../arm-none-eabi/lib/thumb/v6-m/nofp/libg_nano.a(libc_a-memcpy-stub.o)

.debug_str      0x00000000     0x1074
 .debug_str     0x00000000     0x1074 objdir-CWNANO/simpleserial-glitch.o
                                0x2c9 (size before relaxing)
 .debug_str     0x00001074      0x319 objdir-CWNANO/simpleserial.o
 .debug_str     0x00001074      0x954 objdir-CWNANO/stm32f0_hal_nano.o
 .debug_str     0x00001074      0xbd8 objdir-CWNANO/stm32f0_hal_lowlevel.o
 .debug_str     0x00001074       0xb4 /usr/lib/gcc/arm-none-eabi/14.2.0/thumb/v6-m/nofp/libgcc.a(_thumb1_case_uqi.o)
 .debug_str     0x00001074       0xb9 /usr/lib/gcc/arm-none-eabi/14.2.0/thumb/v6-m/nofp/libgcc.a(_udivsi3.o)
 .debug_str     0x00001074       0xba /usr/lib/gcc/arm-none-eabi/14.2.0/thumb/v6-m/nofp/libgcc.a(_dvmd_tls.o)
 .debug_str     0x00001074      0x219 /usr/lib/gcc/arm-none-eabi/14.2.0/../../../../arm-none-eabi/lib/thumb/v6-m/nofp/libg_nano.a(libc_a-init.o)
 .debug_str     0x00001074      0x1d6 /usr/lib/gcc/arm-none-eabi/14.2.0/../../../../arm-none-eabi/lib/thumb/v6-m/nofp/libg_nano.a(libc_a-memcpy-stub.o)

.comment        0x00000000       0x1e
 .comment       0x00000000       0x1e objdir-CWNANO/simpleserial-glitch.o
                                 0x1f (size before relaxing)
 .comment       0x0000001e       0x1f objdir-CWNANO/simpleserial.o
 .comment       0x0000001e       0x1f objdir-CWNANO/stm32f0_hal_nano.o
 .comment       0x0000001e       0x1f objdir-CWNANO/stm32f0_hal_lowlevel.o
 .comment       0x0000001e       0x1f /usr/lib/gcc/arm-none-eabi/14.2.0/../../../../arm-none-eabi/lib/thumb/v6-m/nofp/libg_nano.a(libc_a-init.o)
 .comment       0x0000001e       0x1f /usr/lib/gcc/arm-none-eabi/14.2.0/../../../../arm-none-eabi/lib/thumb/v6-m/nofp/libg_nano.a(libc_a-memcpy-stub.o)

.debug_frame    0x00000000      0x500
 .debug_frame   0x00000000       0x9c objdir-CWNANO/simpleserial-glitch.o
 .debug_frame   0x0000009c      0x150 objdir-CWNANO/simpleserial.o
 .debug_frame   0x000001ec      0x10c objdir-CWNANO/stm32f0_hal_nano.o
 .debug_frame   0x000002f8      0x194 objdir-CWNANO/stm32f0_hal_lowlevel.o
 .debug_frame   0x0000048c       0x20 /usr/lib/gcc/arm-none-eabi/14.2.0/thumb/v6-m/nofp/libgcc.a(_udivsi3.o)
 .debug_frame   0x000004ac       0x2c /usr/lib/gcc/arm-none-eabi/14.2.0/../../../../arm-none-eabi/lib/thumb/v6-m/nofp/libg_nano.a(libc_a-init.o)
 .debug_frame   0x000004d8       0x28 /usr/lib/gcc/arm-none-eabi/14.2.0/../../../../arm-none-eabi/lib/thumb/v6-m/nofp/libg_nano.a(libc_a-memcpy-stub.o)

.stab           0x00000000      0x144
 .stab          0x00000000      0x144 objdir-CWNANO/stm32f0_startup.o

.stabstr        0x00000000       0x35
 .stabstr       0x00000000       0x35 objdir-CWNANO/stm32f0_startup.o

.debug_line_str
                0x00000000       0x92
 .debug_line_str
                0x00000000       0x92 /usr/lib/gcc/arm-none-eabi/14.2.0/thumb/v6-m/nofp/libgcc.a(_thumb1_case_uqi.o)
 .debug_line_str
                0x00000092       0x92 /usr/lib/gcc/arm-none-eabi/14.2.0/thumb/v6-m/nofp/libgcc.a(_udivsi3.o)
 .debug_line_str
                0x00000092       0x92 /usr/lib/gcc/arm-none-eabi/14.2.0/thumb/v6-m/nofp/libgcc.a(_dvmd_tls.o)

.debug_loclists
                0x00000000      0x10a
 .debug_loclists
                0x00000000       0x5b /usr/lib/gcc/arm-none-eabi/14.2.0/../../../../arm-none-eabi/lib/thumb/v6-m/nofp/libg_nano.a(libc_a-init.o)
 .debug_loclists
                0x0000005b       0xaf /usr/lib/gcc/arm-none-eabi/14.2.0/../../../../arm-none-eabi/lib/thumb/v6-m/nofp/libg_nano.a(libc_a-memcpy-stub.o)

.debug_rnglists
                0x00000000       0x26
 .debug_rnglists
                0x00000000       0x13 /usr/lib/gcc/arm-none-eabi/14.2.0/../../../../arm-none-eabi/lib/thumb/v6-m/nofp/libg_nano.a(libc_a-init.o)
 .debug_rnglists
                0x00000013       0x13 /usr/lib/gcc/arm-none-eabi/14.2.0/../../../../arm-none-eabi/lib/thumb/v6-m/nofp/libg_nano.a(libc_a-memcpy-stub.o)

Cross Reference Table

Symbol                                            File
BusFault_Handler                                  objdir-CWNANO/stm32f0_startup.o
DebugMon_Handler                                  objdir-CWNANO/stm32f0_startup.o
Default_Handler                                   objdir-CWNANO/stm32f0_startup.o
HAL_GPIO_Init                                     objdir-CWNANO/stm32f0_hal_lowlevel.o
                                                  objdir-CWNANO/stm32f0_hal_nano.o
HAL_GPIO_WritePin                                 objdir-CWNANO/stm32f0_hal_lowlevel.o
                                                  objdir-CWNANO/stm32f0_hal_nano.o
HAL_GetTick                                       objdir-CWNANO/stm32f0_hal_lowlevel.o
HAL_RCCEx_PeriphCLKConfig                         objdir-CWNANO/stm32f0_hal_lowlevel.o
HAL_RCC_ClockConfig                               objdir-CWNANO/stm32f0_hal_lowlevel.o
                                                  objdir-CWNANO/stm32f0_hal_nano.o
HAL_RCC_GetPCLK1Freq                              objdir-CWNANO/stm32f0_hal_lowlevel.o
HAL_RCC_GetPCLK2Freq                              objdir-CWNANO/stm32f0_hal_lowlevel.o
HAL_RCC_GetSysClockFreq                           objdir-CWNANO/stm32f0_hal_lowlevel.o
HAL_RCC_OscConfig                                 objdir-CWNANO/stm32f0_hal_lowlevel.o
                                                  objdir-CWNANO/stm32f0_hal_nano.o
HAL_UART_Init                                     objdir-CWNANO/stm32f0_hal_lowlevel.o
                                                  objdir-CWNANO/stm32f0_hal_nano.o
HAL_UART_Receive                                  objdir-CWNANO/stm32f0_hal_lowlevel.o
                                                  objdir-CWNANO/stm32f0_hal_nano.o
HAL_UART_Transmit                                 objdir-CWNANO/stm32f0_hal_lowlevel.o
                                                  objdir-CWNANO/stm32f0_hal_nano.o
HardFault_Handler                                 objdir-CWNANO/stm32f0_startup.o
MemManage_Handler                                 objdir-CWNANO/stm32f0_startup.o
NMI_Handler                                       objdir-CWNANO/stm32f0_startup.o
PendSV_Handler                                    objdir-CWNANO/stm32f0_startup.o
Reset_Handler                                     objdir-CWNANO/stm32f0_startup.o
SVC_Handler                                       objdir-CWNANO/stm32f0_startup.o
SysTick_Handler                                   objdir-CWNANO/stm32f0_startup.o
SystemCoreClock                                   objdir-CWNANO/stm32f0_hal_lowlevel.o
SystemInit                                        objdir-CWNANO/stm32f0_startup.o
UART_CheckIdleState                               objdir-CWNANO/stm32f0_hal_lowlevel.o
UART_SetConfig                                    objdir-CWNANO/stm32f0_hal_lowlevel.o
UART_WaitOnFlagUntilTimeout                       objdir-CWNANO/stm32f0_hal_lowlevel.o
UartHandle                                        objdir-CWNANO/stm32f0_hal_nano.o
UsageFault_Handler                                objdir-CWNANO/stm32f0_startup.o
__aeabi_idiv0                                     /usr/lib/gcc/arm-none-eabi/14.2.0/thumb/v6-m/nofp/libgcc.a(_dvmd_tls.o)
                                                  /usr/lib/gcc/arm-none-eabi/14.2.0/thumb/v6-m/nofp/libgcc.a(_udivsi3.o)
__aeabi_ldiv0                                     /usr/lib/gcc/arm-none-eabi/14.2.0/thumb/v6-m/nofp/libgcc.a(_dvmd_tls.o)
__aeabi_uidiv                                     /usr/lib/gcc/arm-none-eabi/14.2.0/thumb/v6-m/nofp/libgcc.a(_udivsi3.o)
                                                  objdir-CWNANO/stm32f0_hal_lowlevel.o
__aeabi_uidivmod                                  /usr/lib/gcc/arm-none-eabi/14.2.0/thumb/v6-m/nofp/libgcc.a(_udivsi3.o)
__atexit                                          /usr/lib/gcc/arm-none-eabi/14.2.0/../../../../arm-none-eabi/lib/thumb/v6-m/nofp/libg_nano.a(libc_a-__call_atexit.o)
                                                  /usr/lib/gcc/arm-none-eabi/14.2.0/../../../../arm-none-eabi/lib/thumb/v6-m/nofp/libg_nano.a(libc_a-__atexit.o)
__atexit0                                         /usr/lib/gcc/arm-none-eabi/14.2.0/../../../../arm-none-eabi/lib/thumb/v6-m/nofp/libg_nano.a(libc_a-__atexit.o)
__atexit_dummy                                    /usr/lib/gcc/arm-none-eabi/14.2.0/../../../../arm-none-eabi/lib/thumb/v6-m/nofp/libg_nano.a(libc_a-__atexit.o)
__atexit_recursive_mutex                          /usr/lib/gcc/arm-none-eabi/14.2.0/../../../../arm-none-eabi/lib/thumb/v6-m/nofp/libg_nano.a(libc_a-__call_atexit.o)
                                                  /usr/lib/gcc/arm-none-eabi/14.2.0/../../../../arm-none-eabi/lib/thumb/v6-m/nofp/libg_nano.a(libc_a-__atexit.o)
__bss_end__                                       /usr/lib/gcc/arm-none-eabi/14.2.0/../../../../arm-none-eabi/lib/thumb/v6-m/nofp/crt0.o
__bss_start__                                     /usr/lib/gcc/arm-none-eabi/14.2.0/../../../../arm-none-eabi/lib/thumb/v6-m/nofp/crt0.o
__call_exitprocs                                  /usr/lib/gcc/arm-none-eabi/14.2.0/../../../../arm-none-eabi/lib/thumb/v6-m/nofp/libg_nano.a(libc_a-__call_atexit.o)
                                                  /usr/lib/gcc/arm-none-eabi/14.2.0/../../../../arm-none-eabi/lib/thumb/v6-m/nofp/libg_nano.a(libc_a-__atexit.o)
                                                  /usr/lib/gcc/arm-none-eabi/14.2.0/../../../../arm-none-eabi/lib/thumb/v6-m/nofp/libg_nano.a(libc_a-exit.o)
__deregister_frame_info                           /usr/lib/gcc/arm-none-eabi/14.2.0/thumb/v6-m/nofp/crtbegin.o
__dso_handle                                      /usr/lib/gcc/arm-none-eabi/14.2.0/thumb/v6-m/nofp/crtbegin.o
__fini_array_end                                  /usr/lib/gcc/arm-none-eabi/14.2.0/../../../../arm-none-eabi/lib/thumb/v6-m/nofp/libg_nano.a(libc_a-fini.o)
__fini_array_start                                /usr/lib/gcc/arm-none-eabi/14.2.0/../../../../arm-none-eabi/lib/thumb/v6-m/nofp/libg_nano.a(libc_a-fini.o)
__fp_lock_all                                     /usr/lib/gcc/arm-none-eabi/14.2.0/../../../../arm-none-eabi/lib/thumb/v6-m/nofp/libg_nano.a(libc_a-findfp.o)
__fp_unlock_all                                   /usr/lib/gcc/arm-none-eabi/14.2.0/../../../../arm-none-eabi/lib/thumb/v6-m/nofp/libg_nano.a(libc_a-findfp.o)
__gnu_thumb1_case_uqi                             /usr/lib/gcc/arm-none-eabi/14.2.0/thumb/v6-m/nofp/libgcc.a(_thumb1_case_uqi.o)
                                                  objdir-CWNANO/stm32f0_hal_lowlevel.o
__init_array_end                                  /usr/lib/gcc/arm-none-eabi/14.2.0/../../../../arm-none-eabi/lib/thumb/v6-m/nofp/libg_nano.a(libc_a-init.o)
__init_array_start                                /usr/lib/gcc/arm-none-eabi/14.2.0/../../../../arm-none-eabi/lib/thumb/v6-m/nofp/libg_nano.a(libc_a-init.o)
__libc_fini_array                                 /usr/lib/gcc/arm-none-eabi/14.2.0/../../../../arm-none-eabi/lib/thumb/v6-m/nofp/libg_nano.a(libc_a-fini.o)
                                                  /usr/lib/gcc/arm-none-eabi/14.2.0/../../../../arm-none-eabi/lib/thumb/v6-m/nofp/crt0.o
__libc_init_array                                 /usr/lib/gcc/arm-none-eabi/14.2.0/../../../../arm-none-eabi/lib/thumb/v6-m/nofp/libg_nano.a(libc_a-init.o)
                                                  objdir-CWNANO/stm32f0_startup.o
                                                  /usr/lib/gcc/arm-none-eabi/14.2.0/../../../../arm-none-eabi/lib/thumb/v6-m/nofp/crt0.o
__lock___arc4random_mutex                         /usr/lib/gcc/arm-none-eabi/14.2.0/../../../../arm-none-eabi/lib/thumb/v6-m/nofp/libg_nano.a(libc_a-lock.o)
__lock___at_quick_exit_mutex                      /usr/lib/gcc/arm-none-eabi/14.2.0/../../../../arm-none-eabi/lib/thumb/v6-m/nofp/libg_nano.a(libc_a-lock.o)
__lock___atexit_recursive_mutex                   /usr/lib/gcc/arm-none-eabi/14.2.0/../../../../arm-none-eabi/lib/thumb/v6-m/nofp/libg_nano.a(libc_a-lock.o)
                                                  /usr/lib/gcc/arm-none-eabi/14.2.0/../../../../arm-none-eabi/lib/thumb/v6-m/nofp/libg_nano.a(libc_a-__call_atexit.o)
__lock___dd_hash_mutex                            /usr/lib/gcc/arm-none-eabi/14.2.0/../../../../arm-none-eabi/lib/thumb/v6-m/nofp/libg_nano.a(libc_a-lock.o)
__lock___env_recursive_mutex                      /usr/lib/gcc/arm-none-eabi/14.2.0/../../../../arm-none-eabi/lib/thumb/v6-m/nofp/libg_nano.a(libc_a-lock.o)
__lock___malloc_recursive_mutex                   /usr/lib/gcc/arm-none-eabi/14.2.0/../../../../arm-none-eabi/lib/thumb/v6-m/nofp/libg_nano.a(libc_a-lock.o)
                                                  /usr/lib/gcc/arm-none-eabi/14.2.0/../../../../arm-none-eabi/lib/thumb/v6-m/nofp/libg_nano.a(libc_a-mlock.o)
__lock___sfp_recursive_mutex                      /usr/lib/gcc/arm-none-eabi/14.2.0/../../../../arm-none-eabi/lib/thumb/v6-m/nofp/libg_nano.a(libc_a-lock.o)
                                                  /usr/lib/gcc/arm-none-eabi/14.2.0/../../../../arm-none-eabi/lib/thumb/v6-m/nofp/libg_nano.a(libc_a-findfp.o)
__lock___tz_mutex                                 /usr/lib/gcc/arm-none-eabi/14.2.0/../../../../arm-none-eabi/lib/thumb/v6-m/nofp/libg_nano.a(libc_a-lock.o)
__malloc_free_list                                /usr/lib/gcc/arm-none-eabi/14.2.0/../../../../arm-none-eabi/lib/thumb/v6-m/nofp/libg_nano.a(libc_a-mallocr.o)
                                                  /usr/lib/gcc/arm-none-eabi/14.2.0/../../../../arm-none-eabi/lib/thumb/v6-m/nofp/libg_nano.a(libc_a-freer.o)
__malloc_lock                                     /usr/lib/gcc/arm-none-eabi/14.2.0/../../../../arm-none-eabi/lib/thumb/v6-m/nofp/libg_nano.a(libc_a-mlock.o)
                                                  /usr/lib/gcc/arm-none-eabi/14.2.0/../../../../arm-none-eabi/lib/thumb/v6-m/nofp/libg_nano.a(libc_a-mallocr.o)
                                                  /usr/lib/gcc/arm-none-eabi/14.2.0/../../../../arm-none-eabi/lib/thumb/v6-m/nofp/libg_nano.a(libc_a-freer.o)
__malloc_sbrk_start                               /usr/lib/gcc/arm-none-eabi/14.2.0/../../../../arm-none-eabi/lib/thumb/v6-m/nofp/libg_nano.a(libc_a-mallocr.o)
__malloc_unlock                                   /usr/lib/gcc/arm-none-eabi/14.2.0/../../../../arm-none-eabi/lib/thumb/v6-m/nofp/libg_nano.a(libc_a-mlock.o)
                                                  /usr/lib/gcc/arm-none-eabi/14.2.0/../../../../arm-none-eabi/lib/thumb/v6-m/nofp/libg_nano.a(libc_a-mallocr.o)
                                                  /usr/lib/gcc/arm-none-eabi/14.2.0/../../../../arm-none-eabi/lib/thumb/v6-m/nofp/libg_nano.a(libc_a-freer.o)
__on_exit_args                                    /usr/lib/gcc/arm-none-eabi/14.2.0/../../../../arm-none-eabi/lib/thumb/v6-m/nofp/libg_nano.a(libc_a-__atexit.o)
__preinit_array_end                               /usr/lib/gcc/arm-none-eabi/14.2.0/../../../../arm-none-eabi/lib/thumb/v6-m/nofp/libg_nano.a(libc_a-init.o)
__preinit_array_start                             /usr/lib/gcc/arm-none-eabi/14.2.0/../../../../arm-none-eabi/lib/thumb/v6-m/nofp/libg_nano.a(libc_a-init.o)
__register_exitproc                               /usr/lib/gcc/arm-none-eabi/14.2.0/../../../../arm-none-eabi/lib/thumb/v6-m/nofp/libg_nano.a(libc_a-__atexit.o)
                                                  /usr/lib/gcc/arm-none-eabi/14.2.0/../../../../arm-none-eabi/lib/thumb/v6-m/nofp/libg_nano.a(libc_a-atexit.o)
__register_frame_info                             /usr/lib/gcc/arm-none-eabi/14.2.0/thumb/v6-m/nofp/crtbegin.o
__retarget_lock_acquire                           /usr/lib/gcc/arm-none-eabi/14.2.0/../../../../arm-none-eabi/lib/thumb/v6-m/nofp/libg_nano.a(libc_a-lock.o)
__retarget_lock_acquire_recursive                 /usr/lib/gcc/arm-none-eabi/14.2.0/../../../../arm-none-eabi/lib/thumb/v6-m/nofp/libg_nano.a(libc_a-lock.o)
                                                  /usr/lib/gcc/arm-none-eabi/14.2.0/../../../../arm-none-eabi/lib/thumb/v6-m/nofp/libg_nano.a(libc_a-fflush.o)
                                                  /usr/lib/gcc/arm-none-eabi/14.2.0/../../../../arm-none-eabi/lib/thumb/v6-m/nofp/libg_nano.a(libc_a-mlock.o)
                                                  /usr/lib/gcc/arm-none-eabi/14.2.0/../../../../arm-none-eabi/lib/thumb/v6-m/nofp/libg_nano.a(libc_a-__call_atexit.o)
                                                  /usr/lib/gcc/arm-none-eabi/14.2.0/../../../../arm-none-eabi/lib/thumb/v6-m/nofp/libg_nano.a(libc_a-__atexit.o)
                                                  /usr/lib/gcc/arm-none-eabi/14.2.0/../../../../arm-none-eabi/lib/thumb/v6-m/nofp/libg_nano.a(libc_a-findfp.o)
__retarget_lock_close                             /usr/lib/gcc/arm-none-eabi/14.2.0/../../../../arm-none-eabi/lib/thumb/v6-m/nofp/libg_nano.a(libc_a-lock.o)
__retarget_lock_close_recursive                   /usr/lib/gcc/arm-none-eabi/14.2.0/../../../../arm-none-eabi/lib/thumb/v6-m/nofp/libg_nano.a(libc_a-lock.o)
__retarget_lock_init                              /usr/lib/gcc/arm-none-eabi/14.2.0/../../../../arm-none-eabi/lib/thumb/v6-m/nofp/libg_nano.a(libc_a-lock.o)
__retarget_lock_init_recursive                    /usr/lib/gcc/arm-none-eabi/14.2.0/../../../../arm-none-eabi/lib/thumb/v6-m/nofp/libg_nano.a(libc_a-lock.o)
                                                  /usr/lib/gcc/arm-none-eabi/14.2.0/../../../../arm-none-eabi/lib/thumb/v6-m/nofp/libg_nano.a(libc_a-findfp.o)
__retarget_lock_release                           /usr/lib/gcc/arm-none-eabi/14.2.0/../../../../arm-none-eabi/lib/thumb/v6-m/nofp/libg_nano.a(libc_a-lock.o)
__retarget_lock_release_recursive                 /usr/lib/gcc/arm-none-eabi/14.2.0/../../../../arm-none-eabi/lib/thumb/v6-m/nofp/libg_nano.a(libc_a-lock.o)
                                                  /usr/lib/gcc/arm-none-eabi/14.2.0/../../../../arm-none-eabi/lib/thumb/v6-m/nofp/libg_nano.a(libc_a-fflush.o)
                                                  /usr/lib/gcc/arm-none-eabi/14.2.0/../../../../arm-none-eabi/lib/thumb/v6-m/nofp/libg_nano.a(libc_a-mlock.o)
                                                  /usr/lib/gcc/arm-none-eabi/14.2.0/../../../../arm-none-eabi/lib/thumb/v6-m/nofp/libg_nano.a(libc_a-__call_atexit.o)
                                                  /usr/lib/gcc/arm-none-eabi/14.2.0/../../../../arm-none-eabi/lib/thumb/v6-m/nofp/libg_nano.a(libc_a-__atexit.o)
                                                  /usr/lib/gcc/arm-none-eabi/14.2.0/../../../../arm-none-eabi/lib/thumb/v6-m/nofp/libg_nano.a(libc_a-findfp.o)
__retarget_lock_try_acquire                       /usr/lib/gcc/arm-none-eabi/14.2.0/../../../../arm-none-eabi/lib/thumb/v6-m/nofp/libg_nano.a(libc_a-lock.o)
__retarget_lock_try_acquire_recursive             /usr/lib/gcc/arm-none-eabi/14.2.0/../../../../arm-none-eabi/lib/thumb/v6-m/nofp/libg_nano.a(libc_a-lock.o)
__sclose                                          /usr/lib/gcc/arm-none-eabi/14.2.0/../../../../arm-none-eabi/lib/thumb/v6-m/nofp/libg_nano.a(libc_a-stdio.o)
                                                  /usr/lib/gcc/arm-none-eabi/14.2.0/../../../../arm-none-eabi/lib/thumb/v6-m/nofp/libg_nano.a(libc_a-findfp.o)
__seofread                                        /usr/lib/gcc/arm-none-eabi/14.2.0/../../../../arm-none-eabi/lib/thumb/v6-m/nofp/libg_nano.a(libc_a-stdio.o)
__sf                                              /usr/lib/gcc/arm-none-eabi/14.2.0/../../../../arm-none-eabi/lib/thumb/v6-m/nofp/libg_nano.a(libc_a-findfp.o)
                                                  /usr/lib/gcc/arm-none-eabi/14.2.0/../../../../arm-none-eabi/lib/thumb/v6-m/nofp/libg_nano.a(libc_a-impure.o)
__sflush_r                                        /usr/lib/gcc/arm-none-eabi/14.2.0/../../../../arm-none-eabi/lib/thumb/v6-m/nofp/libg_nano.a(libc_a-fflush.o)
__sfp                                             /usr/lib/gcc/arm-none-eabi/14.2.0/../../../../arm-none-eabi/lib/thumb/v6-m/nofp/libg_nano.a(libc_a-findfp.o)
__sfp_lock_acquire                                /usr/lib/gcc/arm-none-eabi/14.2.0/../../../../arm-none-eabi/lib/thumb/v6-m/nofp/libg_nano.a(libc_a-findfp.o)
__sfp_lock_release                                /usr/lib/gcc/arm-none-eabi/14.2.0/../../../../arm-none-eabi/lib/thumb/v6-m/nofp/libg_nano.a(libc_a-findfp.o)
__sglue                                           /usr/lib/gcc/arm-none-eabi/14.2.0/../../../../arm-none-eabi/lib/thumb/v6-m/nofp/libg_nano.a(libc_a-findfp.o)
                                                  /usr/lib/gcc/arm-none-eabi/14.2.0/../../../../arm-none-eabi/lib/thumb/v6-m/nofp/libg_nano.a(libc_a-fflush.o)
__sinit                                           /usr/lib/gcc/arm-none-eabi/14.2.0/../../../../arm-none-eabi/lib/thumb/v6-m/nofp/libg_nano.a(libc_a-findfp.o)
                                                  /usr/lib/gcc/arm-none-eabi/14.2.0/../../../../arm-none-eabi/lib/thumb/v6-m/nofp/libg_nano.a(libc_a-fflush.o)
__sread                                           /usr/lib/gcc/arm-none-eabi/14.2.0/../../../../arm-none-eabi/lib/thumb/v6-m/nofp/libg_nano.a(libc_a-stdio.o)
                                                  /usr/lib/gcc/arm-none-eabi/14.2.0/../../../../arm-none-eabi/lib/thumb/v6-m/nofp/libg_nano.a(libc_a-findfp.o)
__sseek                                           /usr/lib/gcc/arm-none-eabi/14.2.0/../../../../arm-none-eabi/lib/thumb/v6-m/nofp/libg_nano.a(libc_a-stdio.o)
                                                  /usr/lib/gcc/arm-none-eabi/14.2.0/../../../../arm-none-eabi/lib/thumb/v6-m/nofp/libg_nano.a(libc_a-findfp.o)
__stack                                           /usr/lib/gcc/arm-none-eabi/14.2.0/../../../../arm-none-eabi/lib/thumb/v6-m/nofp/crt0.o
__stdio_exit_handler                              /usr/lib/gcc/arm-none-eabi/14.2.0/../../../../arm-none-eabi/lib/thumb/v6-m/nofp/libg_nano.a(libc_a-findfp.o)
                                                  /usr/lib/gcc/arm-none-eabi/14.2.0/../../../../arm-none-eabi/lib/thumb/v6-m/nofp/libg_nano.a(libc_a-exit.o)
__swrite                                          /usr/lib/gcc/arm-none-eabi/14.2.0/../../../../arm-none-eabi/lib/thumb/v6-m/nofp/libg_nano.a(libc_a-stdio.o)
                                                  /usr/lib/gcc/arm-none-eabi/14.2.0/../../../../arm-none-eabi/lib/thumb/v6-m/nofp/libg_nano.a(libc_a-findfp.o)
__udivsi3                                         /usr/lib/gcc/arm-none-eabi/14.2.0/thumb/v6-m/nofp/libgcc.a(_udivsi3.o)
_close                                            objdir-CWNANO/hal.o
                                                  /usr/lib/gcc/arm-none-eabi/14.2.0/../../../../arm-none-eabi/lib/thumb/v6-m/nofp/libg_nano.a(libc_a-closer.o)
_close_r                                          /usr/lib/gcc/arm-none-eabi/14.2.0/../../../../arm-none-eabi/lib/thumb/v6-m/nofp/libg_nano.a(libc_a-closer.o)
                                                  /usr/lib/gcc/arm-none-eabi/14.2.0/../../../../arm-none-eabi/lib/thumb/v6-m/nofp/libg_nano.a(libc_a-stdio.o)
_ebss                                             objdir-CWNANO/stm32f0_startup.o
_edata                                            objdir-CWNANO/stm32f0_startup.o
_estack                                           objdir-CWNANO/stm32f0_startup.o
_exit                                             /usr/lib/gcc/arm-none-eabi/14.2.0/../../../../arm-none-eabi/lib/thumb/v6-m/nofp/libnosys.a(_exit.o)
                                                  /usr/lib/gcc/arm-none-eabi/14.2.0/../../../../arm-none-eabi/lib/thumb/v6-m/nofp/libg_nano.a(libc_a-exit.o)
_fflush_r                                         /usr/lib/gcc/arm-none-eabi/14.2.0/../../../../arm-none-eabi/lib/thumb/v6-m/nofp/libg_nano.a(libc_a-fflush.o)
                                                  /usr/lib/gcc/arm-none-eabi/14.2.0/../../../../arm-none-eabi/lib/thumb/v6-m/nofp/libg_nano.a(libc_a-findfp.o)
_fini                                             /usr/lib/gcc/arm-none-eabi/14.2.0/thumb/v6-m/nofp/crti.o
                                                  /usr/lib/gcc/arm-none-eabi/14.2.0/../../../../arm-none-eabi/lib/thumb/v6-m/nofp/libg_nano.a(libc_a-fini.o)
_free_r                                           /usr/lib/gcc/arm-none-eabi/14.2.0/../../../../arm-none-eabi/lib/thumb/v6-m/nofp/libg_nano.a(libc_a-freer.o)
                                                  /usr/lib/gcc/arm-none-eabi/14.2.0/../../../../arm-none-eabi/lib/thumb/v6-m/nofp/libg_nano.a(libc_a-fflush.o)
                                                  /usr/lib/gcc/arm-none-eabi/14.2.0/../../../../arm-none-eabi/lib/thumb/v6-m/nofp/libg_nano.a(libc_a-reent.o)
_fstat                                            objdir-CWNANO/hal.o
_fwalk_sglue                                      /usr/lib/gcc/arm-none-eabi/14.2.0/../../../../arm-none-eabi/lib/thumb/v6-m/nofp/libg_nano.a(libc_a-fwalk.o)
                                                  /usr/lib/gcc/arm-none-eabi/14.2.0/../../../../arm-none-eabi/lib/thumb/v6-m/nofp/libg_nano.a(libc_a-fflush.o)
                                                  /usr/lib/gcc/arm-none-eabi/14.2.0/../../../../arm-none-eabi/lib/thumb/v6-m/nofp/libg_nano.a(libc_a-findfp.o)
_getpid                                           objdir-CWNANO/hal.o
_impure_data                                      /usr/lib/gcc/arm-none-eabi/14.2.0/../../../../arm-none-eabi/lib/thumb/v6-m/nofp/libg_nano.a(libc_a-impure.o)
                                                  /usr/lib/gcc/arm-none-eabi/14.2.0/../../../../arm-none-eabi/lib/thumb/v6-m/nofp/libg_nano.a(libc_a-fflush.o)
                                                  /usr/lib/gcc/arm-none-eabi/14.2.0/../../../../arm-none-eabi/lib/thumb/v6-m/nofp/libg_nano.a(libc_a-findfp.o)
_impure_ptr                                       /usr/lib/gcc/arm-none-eabi/14.2.0/../../../../arm-none-eabi/lib/thumb/v6-m/nofp/libg_nano.a(libc_a-impure.o)
                                                  /usr/lib/gcc/arm-none-eabi/14.2.0/../../../../arm-none-eabi/lib/thumb/v6-m/nofp/libg_nano.a(libc_a-fflush.o)
                                                  /usr/lib/gcc/arm-none-eabi/14.2.0/../../../../arm-none-eabi/lib/thumb/v6-m/nofp/libg_nano.a(libc_a-reent.o)
_init                                             /usr/lib/gcc/arm-none-eabi/14.2.0/thumb/v6-m/nofp/crti.o
                                                  /usr/lib/gcc/arm-none-eabi/14.2.0/../../../../arm-none-eabi/lib/thumb/v6-m/nofp/libg_nano.a(libc_a-init.o)
_isatty                                           objdir-CWNANO/hal.o
_kill                                             objdir-CWNANO/hal.o
_lseek                                            objdir-CWNANO/hal.o
                                                  /usr/lib/gcc/arm-none-eabi/14.2.0/../../../../arm-none-eabi/lib/thumb/v6-m/nofp/libg_nano.a(libc_a-lseekr.o)
_lseek_r                                          /usr/lib/gcc/arm-none-eabi/14.2.0/../../../../arm-none-eabi/lib/thumb/v6-m/nofp/libg_nano.a(libc_a-lseekr.o)
                                                  /usr/lib/gcc/arm-none-eabi/14.2.0/../../../../arm-none-eabi/lib/thumb/v6-m/nofp/libg_nano.a(libc_a-stdio.o)
_mainCRTStartup                                   /usr/lib/gcc/arm-none-eabi/14.2.0/../../../../arm-none-eabi/lib/thumb/v6-m/nofp/crt0.o
_malloc_r                                         /usr/lib/gcc/arm-none-eabi/14.2.0/../../../../arm-none-eabi/lib/thumb/v6-m/nofp/libg_nano.a(libc_a-mallocr.o)
                                                  /usr/lib/gcc/arm-none-eabi/14.2.0/../../../../arm-none-eabi/lib/thumb/v6-m/nofp/libg_nano.a(libc_a-findfp.o)
_read                                             objdir-CWNANO/hal.o
                                                  /usr/lib/gcc/arm-none-eabi/14.2.0/../../../../arm-none-eabi/lib/thumb/v6-m/nofp/libg_nano.a(libc_a-readr.o)
_read_r                                           /usr/lib/gcc/arm-none-eabi/14.2.0/../../../../arm-none-eabi/lib/thumb/v6-m/nofp/libg_nano.a(libc_a-readr.o)
                                                  /usr/lib/gcc/arm-none-eabi/14.2.0/../../../../arm-none-eabi/lib/thumb/v6-m/nofp/libg_nano.a(libc_a-stdio.o)
_reclaim_reent                                    /usr/lib/gcc/arm-none-eabi/14.2.0/../../../../arm-none-eabi/lib/thumb/v6-m/nofp/libg_nano.a(libc_a-reent.o)
_sbrk                                             /usr/lib/gcc/arm-none-eabi/14.2.0/../../../../arm-none-eabi/lib/thumb/v6-m/nofp/libnosys.a(sbrk.o)
                                                  /usr/lib/gcc/arm-none-eabi/14.2.0/../../../../arm-none-eabi/lib/thumb/v6-m/nofp/libg_nano.a(libc_a-sbrkr.o)
_sbrk_r                                           /usr/lib/gcc/arm-none-eabi/14.2.0/../../../../arm-none-eabi/lib/thumb/v6-m/nofp/libg_nano.a(libc_a-sbrkr.o)
                                                  /usr/lib/gcc/arm-none-eabi/14.2.0/../../../../arm-none-eabi/lib/thumb/v6-m/nofp/libg_nano.a(libc_a-mallocr.o)
_sbss                                             objdir-CWNANO/stm32f0_startup.o
_sdata                                            objdir-CWNANO/stm32f0_startup.o
_sidata                                           objdir-CWNANO/stm32f0_startup.o
_stack_init                                       /usr/lib/gcc/arm-none-eabi/14.2.0/../../../../arm-none-eabi/lib/thumb/v6-m/nofp/crt0.o
_start                                            /usr/lib/gcc/arm-none-eabi/14.2.0/../../../../arm-none-eabi/lib/thumb/v6-m/nofp/crt0.o
_write                                            objdir-CWNANO/hal.o
                                                  /usr/lib/gcc/arm-none-eabi/14.2.0/../../../../arm-none-eabi/lib/thumb/v6-m/nofp/libg_nano.a(libc_a-writer.o)
_write_r                                          /usr/lib/gcc/arm-none-eabi/14.2.0/../../../../arm-none-eabi/lib/thumb/v6-m/nofp/libg_nano.a(libc_a-writer.o)
                                                  /usr/lib/gcc/arm-none-eabi/14.2.0/../../../../arm-none-eabi/lib/thumb/v6-m/nofp/libg_nano.a(libc_a-stdio.o)
atexit                                            /usr/lib/gcc/arm-none-eabi/14.2.0/../../../../arm-none-eabi/lib/thumb/v6-m/nofp/libg_nano.a(libc_a-atexit.o)
                                                  /usr/lib/gcc/arm-none-eabi/14.2.0/../../../../arm-none-eabi/lib/thumb/v6-m/nofp/crt0.o
check_version                                     objdir-CWNANO/simpleserial.o
end                                               /usr/lib/gcc/arm-none-eabi/14.2.0/../../../../arm-none-eabi/lib/thumb/v6-m/nofp/libnosys.a(sbrk.o)
errno                                             /usr/lib/gcc/arm-none-eabi/14.2.0/../../../../arm-none-eabi/lib/thumb/v6-m/nofp/libg_nano.a(libc_a-reent.o)
                                                  /usr/lib/gcc/arm-none-eabi/14.2.0/../../../../arm-none-eabi/lib/thumb/v6-m/nofp/libg_nano.a(libc_a-sbrkr.o)
                                                  /usr/lib/gcc/arm-none-eabi/14.2.0/../../../../arm-none-eabi/lib/thumb/v6-m/nofp/libg_nano.a(libc_a-writer.o)
                                                  /usr/lib/gcc/arm-none-eabi/14.2.0/../../../../arm-none-eabi/lib/thumb/v6-m/nofp/libg_nano.a(libc_a-readr.o)
                                                  /usr/lib/gcc/arm-none-eabi/14.2.0/../../../../arm-none-eabi/lib/thumb/v6-m/nofp/libg_nano.a(libc_a-lseekr.o)
                                                  /usr/lib/gcc/arm-none-eabi/14.2.0/../../../../arm-none-eabi/lib/thumb/v6-m/nofp/libg_nano.a(libc_a-closer.o)
exit                                              /usr/lib/gcc/arm-none-eabi/14.2.0/../../../../arm-none-eabi/lib/thumb/v6-m/nofp/libg_nano.a(libc_a-exit.o)
                                                  /usr/lib/gcc/arm-none-eabi/14.2.0/../../../../arm-none-eabi/lib/thumb/v6-m/nofp/crt0.o
fflush                                            /usr/lib/gcc/arm-none-eabi/14.2.0/../../../../arm-none-eabi/lib/thumb/v6-m/nofp/libg_nano.a(libc_a-fflush.o)
g_pfnVectors                                      objdir-CWNANO/stm32f0_startup.o
getch                                             objdir-CWNANO/stm32f0_hal_nano.o
                                                  objdir-CWNANO/simpleserial.o
glitch_comparison                                 objdir-CWNANO/simpleserial-glitch.o
glitch_loop                                       objdir-CWNANO/simpleserial-glitch.o
hardware_init_hook                                /usr/lib/gcc/arm-none-eabi/14.2.0/../../../../arm-none-eabi/lib/thumb/v6-m/nofp/crt0.o
hex_decode                                        objdir-CWNANO/simpleserial.o
infinite_loop                                     objdir-CWNANO/simpleserial-glitch.o
init_uart                                         objdir-CWNANO/stm32f0_hal_nano.o
                                                  objdir-CWNANO/simpleserial-glitch.o
led_error                                         objdir-CWNANO/stm32f0_hal_nano.o
                                                  objdir-CWNANO/hal.o
                                                  objdir-CWNANO/simpleserial-glitch.o
led_ok                                            objdir-CWNANO/stm32f0_hal_nano.o
                                                  objdir-CWNANO/hal.o
                                                  objdir-CWNANO/simpleserial-glitch.o
main                                              objdir-CWNANO/simpleserial-glitch.o
                                                  objdir-CWNANO/stm32f0_startup.o
                                                  /usr/lib/gcc/arm-none-eabi/14.2.0/../../../../arm-none-eabi/lib/thumb/v6-m/nofp/crt0.o
malloc                                            /usr/lib/gcc/arm-none-eabi/14.2.0/../../../../arm-none-eabi/lib/thumb/v6-m/nofp/libg_nano.a(libc_a-__atexit.o)
memcpy                                            /usr/lib/gcc/arm-none-eabi/14.2.0/../../../../arm-none-eabi/lib/thumb/v6-m/nofp/libg_nano.a(libc_a-memcpy-stub.o)
                                                  objdir-CWNANO/simpleserial-glitch.o
memset                                            /usr/lib/gcc/arm-none-eabi/14.2.0/../../../../arm-none-eabi/lib/thumb/v6-m/nofp/libg_nano.a(libc_a-memset.o)
                                                  /usr/lib/gcc/arm-none-eabi/14.2.0/../../../../arm-none-eabi/lib/thumb/v6-m/nofp/libg_nano.a(libc_a-findfp.o)
                                                  /usr/lib/gcc/arm-none-eabi/14.2.0/../../../../arm-none-eabi/lib/thumb/v6-m/nofp/crt0.o
password                                          objdir-CWNANO/simpleserial-glitch.o
platform_init                                     objdir-CWNANO/stm32f0_hal_nano.o
                                                  objdir-CWNANO/simpleserial-glitch.o
putch                                             objdir-CWNANO/stm32f0_hal_nano.o
                                                  objdir-CWNANO/simpleserial.o
                                                  objdir-CWNANO/simpleserial-glitch.o
simpleserial_addcmd                               objdir-CWNANO/simpleserial.o
                                                  objdir-CWNANO/simpleserial-glitch.o
simpleserial_get                                  objdir-CWNANO/simpleserial.o
                                                  objdir-CWNANO/simpleserial-glitch.o
simpleserial_init                                 objdir-CWNANO/simpleserial.o
                                                  objdir-CWNANO/simpleserial-glitch.o
simpleserial_put                                  objdir-CWNANO/simpleserial.o
                                                  objdir-CWNANO/simpleserial-glitch.o
software_init_hook                                /usr/lib/gcc/arm-none-eabi/14.2.0/../../../../arm-none-eabi/lib/thumb/v6-m/nofp/crt0.o
ss_crc                                            objdir-CWNANO/simpleserial.o
ss_get_commands                                   objdir-CWNANO/simpleserial.o
ss_puts                                           objdir-CWNANO/simpleserial.o
stuff_data                                        objdir-CWNANO/simpleserial.o
trigger_high                                      objdir-CWNANO/stm32f0_hal_nano.o
                                                  objdir-CWNANO/simpleserial-glitch.o
trigger_low                                       objdir-CWNANO/stm32f0_hal_nano.o
                                                  objdir-CWNANO/simpleserial-glitch.o
trigger_setup                                     objdir-CWNANO/stm32f0_hal_nano.o
                                                  objdir-CWNANO/simpleserial-glitch.o
unstuff_data                                      objdir-CWNANO/simpleserial.o
